This is pdfTeX, Version 3.141592653-2.6-1.40.29 (MiKTeX 26.5) (preloaded format=pdflatex 2026.6.29)  29 JUN 2026 23:34
entering extended mode
 restricted \write18 enabled.
 file:line:error style messages enabled.
 %&-line parsing enabled.
**c:/Users/troll/Documents/TFM/pdf/main.tex
(c:/Users/troll/Documents/TFM/pdf/main.tex
LaTeX2e <2026-06-01>
L3 programming layer <2026-05-26>
(C:\Users\troll\AppData\Local\Programs\MiKTeX\tex/latex/base\report.cls
Document Class: report 2025/01/22 v1.4n Standard LaTeX document class
(C:\Users\troll\AppData\Local\Programs\MiKTeX\tex/latex/base\size12.clo
File: size12.clo 2025/01/22 v1.4n Standard LaTeX file (size option)
)
\c@part=\count276
\c@chapter=\count277
\c@section=\count278
\c@subsection=\count279
\c@subsubsection=\count280
\c@paragraph=\count281
\c@subparagraph=\count282
\c@figure=\count283
\c@table=\count284
\abovecaptionskip=\skip49
\belowcaptionskip=\skip50
\bibindent=\dimen150
) (C:\Users\troll\AppData\Local\Programs\MiKTeX\tex/latex/geometry\geometry.sty
Package: geometry 2026/03/07 v6.0 Page Geometry
 (C:\Users\troll\AppData\Local\Programs\MiKTeX\tex/latex/graphics\keyval.sty
Package: keyval 2026-05-17 v1.15 key=value parser (DPC)
\KV@toks@=\toks17
) (C:\Users\troll\AppData\Local\Programs\MiKTeX\tex/generic/iftex\ifvtex.sty
Package: ifvtex 2019/10/25 v1.7 ifvtex legacy package. Use iftex instead.
 (C:\Users\troll\AppData\Local\Programs\MiKTeX\tex/generic/iftex\iftex.sty
Package: iftex 2024/12/12 v1.0g TeX engine tests
))
\Gm@cnth=\count285
\Gm@cntv=\count286
\c@Gm@tempcnt=\count287
\Gm@bindingoffset=\dimen151
\Gm@wd@mp=\dimen152
\Gm@odd@mp=\dimen153
\Gm@even@mp=\dimen154
\Gm@layoutwidth=\dimen155
\Gm@layoutheight=\dimen156
\Gm@layouthoffset=\dimen157
\Gm@layoutvoffset=\dimen158
\Gm@dimlist=\toks18
 (C:\Users\troll\AppData\Local\Programs\MiKTeX\tex/latex/geometry\geometry.cfg)) (C:\Users\troll\AppData\Local\Programs\MiKTeX\tex/latex/base\inputenc.sty
Package: inputenc 2024/02/08 v1.3d Input encoding file
\inpenc@prehook=\toks19
\inpenc@posthook=\toks20
) (C:\Users\troll\AppData\Local\Programs\MiKTeX\tex/latex/base\fontenc.sty
Package: fontenc 2025/07/18 v2.1d Standard LaTeX package
) (C:\Users\troll\AppData\Local\Programs\MiKTeX\tex/generic/babel\babel.sty
Package: babel 2026/05/20 v26.8 The multilingual framework for LuaLaTeX, pdfLaTeX and XeLaTeX
\babel@savecnt=\count288
LaTeX Encoding Info:    Redeclaring text command \ij (encoding OT1) on input line 2084.
LaTeX Encoding Info:    Redeclaring text command \IJ (encoding OT1) on input line 2086.
LaTeX Encoding Info:    Redeclaring text command \ij (encoding T1) on input line 2088.
LaTeX Encoding Info:    Redeclaring text command \IJ (encoding T1) on input line 2089.
LaTeX Encoding Info:    Ignoring declaration for text command \ij (encoding ?) on input line 2090.
LaTeX Encoding Info:    Ignoring declaration for text command \IJ (encoding ?) on input line 2092.
LaTeX Encoding Info:    Ignoring declaration for text command \SS (encoding ?) on input line 2117.
\U@D=\dimen159
\l@unhyphenated=\language79
 (C:\Users\troll\AppData\Local\Programs\MiKTeX\tex/generic/babel\txtbabel.def)
\bbl@readstream=\read2
\bbl@dirlevel=\count289
Package babel Info: Configuration files are deprecated, as
(babel)             they can break document portability.
(babel)             Reported on input line 4228.

*************************************
* Local config file bblopts.cfg used
*
(C:\Users\troll\AppData\Local\Programs\MiKTeX\tex/latex/arabi\bblopts.cfg
File: bblopts.cfg 2005/09/08 v0.1 add Arabic and Farsi to "declared" options of babel
) (C:\Users\troll\AppData\Local\Programs\MiKTeX\tex/generic/babel/locale/es\babel-spanish.tex)
Package babel Info: Importing font and identification data for spanish
(babel)             from babel-es.ini. Reported on input line 4356.
 (C:\Users\troll\AppData\Local\Programs\MiKTeX\tex/latex/babel-spanish\spanish.ldf
Language: spanish.ldf 2021/05/27 v5.0q Spanish support from the babel system
\es@quottoks=\toks21
\es@quotdepth=\count290
Package babel Info: Making " an active character on input line 570.
Package babel Info: Making . an active character on input line 675.
Package babel Info: Making < an active character on input line 722.
Package babel Info: Making > an active character on input line 722.
))
LaTeX Encoding Info:    Redeclaring text command \guillemotleft (encoding OT1) on input line 15.
LaTeX Encoding Info:    Redeclaring text command \guillemotright (encoding OT1) on input line 15.
 (C:\Users\troll\AppData\Local\Programs\MiKTeX\tex/latex/eurosym\eurosym.sty
Package: eurosym 1998/08/06 v1.1 European currency symbol ``Euro''
\@eurobox=\box53
) (C:\Users\troll\AppData\Local\Programs\MiKTeX\tex/latex/graphics\graphicx.sty
Package: graphicx 2026-05-17 v1.2e Enhanced LaTeX Graphics (DPC,SPQR)
 (C:\Users\troll\AppData\Local\Programs\MiKTeX\tex/latex/graphics\graphics.sty
Package: graphics 2026-05-17 v1.4h Standard LaTeX Graphics (DPC,SPQR)
 (C:\Users\troll\AppData\Local\Programs\MiKTeX\tex/latex/graphics\trig.sty
Package: trig 2023/12/02 v1.11 sin cos tan (DPC)
) (C:\Users\troll\AppData\Local\Programs\MiKTeX\tex/latex/graphics-cfg\graphics.cfg
File: graphics.cfg 2016/06/04 v1.11 sample graphics configuration
)
Package graphics Info: Driver file: pdftex.def on input line 106.
 (C:\Users\troll\AppData\Local\Programs\MiKTeX\tex/latex/graphics-def\pdftex.def
File: pdftex.def 2025/09/29 v1.2d Graphics/color driver for pdftex
))
\Gin@req@height=\dimen160
\Gin@req@width=\dimen161
) (C:\Users\troll\AppData\Local\Programs\MiKTeX\tex/latex/graphics\color.sty
Package: color 2026-05-17 v1.3f Standard LaTeX Color (DPC)
 (C:\Users\troll\AppData\Local\Programs\MiKTeX\tex/latex/graphics-cfg\color.cfg
File: color.cfg 2016/01/02 v1.6 sample color configuration
)
Package color Info: Driver file: pdftex.def on input line 149.
 (C:\Users\troll\AppData\Local\Programs\MiKTeX\tex/latex/graphics\dvipsnam.def
File: dvipsnam.def 2026-05-17 v3.0m Driver-dependent file (DPC,SPQR)
) (C:\Users\troll\AppData\Local\Programs\MiKTeX\tex/latex/graphics\mathcolor.ltx)) (C:\Users\troll\AppData\Local\Programs\MiKTeX\tex/latex/xcolor\xcolor.sty
Package: xcolor 2024/09/29 v3.02 LaTeX color extensions (UK)
 (C:\Users\troll\AppData\Local\Programs\MiKTeX\tex/latex/graphics-cfg\color.cfg
File: color.cfg 2016/01/02 v1.6 sample color configuration
)
Package xcolor Info: Driver file: pdftex.def on input line 274.
LaTeX Info: Redefining \color on input line 762.
 (C:\Users\troll\AppData\Local\Programs\MiKTeX\tex/latex/graphics\mathcolor.ltx)
Package xcolor Info: Model `cmy' substituted by `cmy0' on input line 1349.
Package xcolor Info: Model `hsb' substituted by `rgb' on input line 1353.
Package xcolor Info: Model `RGB' extended on input line 1365.
Package xcolor Info: Model `HTML' substituted by `rgb' on input line 1367.
Package xcolor Info: Model `Hsb' substituted by `hsb' on input line 1368.
Package xcolor Info: Model `tHsb' substituted by `hsb' on input line 1369.
Package xcolor Info: Model `HSB' substituted by `hsb' on input line 1370.
Package xcolor Info: Model `Gray' substituted by `gray' on input line 1371.
Package xcolor Info: Model `wave' substituted by `hsb' on input line 1372.
) (C:\Users\troll\AppData\Local\Programs\MiKTeX\tex/latex/url\url.sty
\Urlmuskip=\muskip17
Package: url 2013/09/16  ver 3.4  Verb mode for urls, etc.
) (C:\Users\troll\AppData\Local\Programs\MiKTeX\tex/latex/hyperref\hyperref.sty
Package: hyperref 2026-04-24 v7.01q Hypertext links for LaTeX
 (C:\Users\troll\AppData\Local\Programs\MiKTeX\tex/latex/kvsetkeys\kvsetkeys.sty
Package: kvsetkeys 2022-10-05 v1.19 Key value parser (HO)
) (C:\Users\troll\AppData\Local\Programs\MiKTeX\tex/generic/kvdefinekeys\kvdefinekeys.sty
Package: kvdefinekeys 2019-12-19 v1.6 Define keys (HO)
) (C:\Users\troll\AppData\Local\Programs\MiKTeX\tex/generic/pdfescape\pdfescape.sty
Package: pdfescape 2019/12/09 v1.15 Implements pdfTeX's escape features (HO)
 (C:\Users\troll\AppData\Local\Programs\MiKTeX\tex/generic/ltxcmds\ltxcmds.sty
Package: ltxcmds 2023-12-04 v1.26 LaTeX kernel commands for general use (HO)
) (C:\Users\troll\AppData\Local\Programs\MiKTeX\tex/generic/pdftexcmds\pdftexcmds.sty
Package: pdftexcmds 2020-06-27 v0.33 Utility functions of pdfTeX for LuaTeX (HO)
 (C:\Users\troll\AppData\Local\Programs\MiKTeX\tex/generic/infwarerr\infwarerr.sty
Package: infwarerr 2019/12/03 v1.5 Providing info/warning/error messages (HO)
)
Package pdftexcmds Info: \pdf@primitive is available.
Package pdftexcmds Info: \pdf@ifprimitive is available.
Package pdftexcmds Info: \pdfdraftmode found.
)) (C:\Users\troll\AppData\Local\Programs\MiKTeX\tex/latex/hycolor\hycolor.sty
Package: hycolor 2020-01-27 v1.10 Color options for hyperref/bookmark (HO)
) (C:\Users\troll\AppData\Local\Programs\MiKTeX\tex/latex/hyperref\nameref.sty
Package: nameref 2026-01-29 v2.58 Cross-referencing by name of section
 (C:\Users\troll\AppData\Local\Programs\MiKTeX\tex/latex/refcount\refcount.sty
Package: refcount 2019/12/15 v3.6 Data extraction from label references (HO)
) (C:\Users\troll\AppData\Local\Programs\MiKTeX\tex/generic/gettitlestring\gettitlestring.sty
Package: gettitlestring 2019/12/15 v1.6 Cleanup title references (HO)
 (C:\Users\troll\AppData\Local\Programs\MiKTeX\tex/latex/kvoptions\kvoptions.sty
Package: kvoptions 2022-06-15 v3.15 Key value format for package options (HO)
))
\c@section@level=\count291
) (C:\Users\troll\AppData\Local\Programs\MiKTeX\tex/latex/etoolbox\etoolbox.sty
Package: etoolbox 2025/10/02 v2.5m e-TeX tools for LaTeX (JAW)
\etb@tempcnta=\count292
) (C:\Users\troll\AppData\Local\Programs\MiKTeX\tex/generic/stringenc\stringenc.sty
Package: stringenc 2019/11/29 v1.12 Convert strings between diff. encodings (HO)
)
\@linkdim=\dimen162
\Hy@linkcounter=\count293
\Hy@pagecounter=\count294
 (C:\Users\troll\AppData\Local\Programs\MiKTeX\tex/latex/hyperref\pd1enc.def
File: pd1enc.def 2026-04-24 v7.01q Hyperref: PDFDocEncoding definition (HO)
Now handling font encoding PD1 ...
... no UTF-8 mapping file for font encoding PD1
) (C:\Users\troll\AppData\Local\Programs\MiKTeX\tex/generic/intcalc\intcalc.sty
Package: intcalc 2019/12/15 v1.3 Expandable calculations with integers (HO)
)
\Hy@SavedSpaceFactor=\count295
 (C:\Users\troll\AppData\Local\Programs\MiKTeX\tex/latex/hyperref\puenc.def
File: puenc.def 2026-04-24 v7.01q Hyperref: PDF Unicode definition (HO)
Now handling font encoding PU ...
... no UTF-8 mapping file for font encoding PU
)
Package hyperref Info: Option `breaklinks' set `true' on input line 4070.
Package hyperref Info: Hyper figures OFF on input line 4199.
Package hyperref Info: Link nesting OFF on input line 4204.
Package hyperref Info: Hyper index ON on input line 4207.
Package hyperref Info: Plain pages OFF on input line 4214.
Package hyperref Info: Backreferencing OFF on input line 4219.
Package hyperref Info: Implicit mode ON; LaTeX internals redefined.
Package hyperref Info: Bookmarks ON on input line 4466.
\c@Hy@tempcnt=\count296
LaTeX Info: Redefining \url on input line 4805.
\XeTeXLinkMargin=\dimen163
 (C:\Users\troll\AppData\Local\Programs\MiKTeX\tex/generic/bitset\bitset.sty
Package: bitset 2019/12/09 v1.3 Handle bit-vector datatype (HO)
 (C:\Users\troll\AppData\Local\Programs\MiKTeX\tex/generic/bigintcalc\bigintcalc.sty
Package: bigintcalc 2019/12/15 v1.5 Expandable calculations on big integers (HO)
))
\Fld@menulength=\count297
\Field@Width=\dimen164
\Fld@charsize=\dimen165
Package hyperref Info: Hyper figures OFF on input line 6091.
Package hyperref Info: Link nesting OFF on input line 6096.
Package hyperref Info: Hyper index ON on input line 6099.
Package hyperref Info: backreferencing OFF on input line 6106.
Package hyperref Info: Link coloring OFF on input line 6111.
Package hyperref Info: Link coloring with OCG OFF on input line 6116.
Package hyperref Info: PDF/A mode OFF on input line 6121.
\Hy@abspage=\count298
\c@Item=\count299
\c@Hfootnote=\count300
)
Package hyperref Info: Driver (autodetected): hpdftex.
 (C:\Users\troll\AppData\Local\Programs\MiKTeX\tex/latex/hyperref\hpdftex.def
File: hpdftex.def 2026-04-24 v7.01q Hyperref driver for pdfTeX
\Fld@listcount=\count301
\c@bookmark@seq@number=\count302
 (C:\Users\troll\AppData\Local\Programs\MiKTeX\tex/latex/rerunfilecheck\rerunfilecheck.sty
Package: rerunfilecheck 2025-06-21 v1.11 Rerun checks for auxiliary files (HO)
 (C:\Users\troll\AppData\Local\Programs\MiKTeX\tex/generic/uniquecounter\uniquecounter.sty
Package: uniquecounter 2019/12/15 v1.4 Provide unlimited unique counter (HO)
)
Package uniquecounter Info: New unique counter `rerunfilecheck' on input line 284.
)
\Hy@SectionHShift=\skip51
) (C:\Users\troll\AppData\Local\Programs\MiKTeX\tex/latex/amsmath\amsmath.sty
Package: amsmath 2026/05/19 v2.18d AMS math features
\@mathmargin=\skip52

For additional information on amsmath, use the `?' option.
(C:\Users\troll\AppData\Local\Programs\MiKTeX\tex/latex/amsmath\amstext.sty
Package: amstext 2024/11/17 v2.01 AMS text
 (C:\Users\troll\AppData\Local\Programs\MiKTeX\tex/latex/amsmath\amsgen.sty
File: amsgen.sty 1999/11/30 v2.0 generic functions
\@emptytoks=\toks22
\ex@=\dimen166
)) (C:\Users\troll\AppData\Local\Programs\MiKTeX\tex/latex/amsmath\amsbsy.sty
Package: amsbsy 1999/11/29 v1.2d Bold Symbols
\pmbraise@=\dimen167
) (C:\Users\troll\AppData\Local\Programs\MiKTeX\tex/latex/amsmath\amsopn.sty
Package: amsopn 2022/04/08 v2.04 operator names
)
\inf@bad=\count303
LaTeX Info: Redefining \frac on input line 233.
\uproot@=\count304
\leftroot@=\count305
LaTeX Info: Redefining \overline on input line 398.
LaTeX Info: Redefining \colon on input line 409.
\classnum@=\count306
\DOTSCASE@=\count307
LaTeX Info: Redefining \ldots on input line 495.
LaTeX Info: Redefining \dots on input line 498.
LaTeX Info: Redefining \cdots on input line 619.
\Mathstrutbox@=\box54
\strutbox@=\box55
LaTeX Info: Redefining \big on input line 721.
LaTeX Info: Redefining \Big on input line 722.
LaTeX Info: Redefining \bigg on input line 723.
LaTeX Info: Redefining \Bigg on input line 724.
\big@size=\dimen168
LaTeX Font Info:    Redeclaring font encoding OML on input line 742.
LaTeX Font Info:    Redeclaring font encoding OMS on input line 743.
\macc@depth=\count308
LaTeX Info: Redefining \bmod on input line 904.
LaTeX Info: Redefining \pmod on input line 909.
LaTeX Info: Redefining \smash on input line 939.
LaTeX Info: Redefining \relbar on input line 969.
LaTeX Info: Redefining \Relbar on input line 970.
\c@MaxMatrixCols=\count309
\dotsspace@=\muskip18
\c@parentequation=\count310
\dspbrk@lvl=\count311
\tag@help=\toks23
\row@=\count312
\column@=\count313
\maxfields@=\count314
\andhelp@=\toks24
\eqnshift@=\dimen169
\alignsep@=\dimen170
\tagshift@=\dimen171
\tagwidth@=\dimen172
\totwidth@=\dimen173
\lineht@=\dimen174
\@envbody=\toks25
\multlinegap=\skip53
\multlinetaggap=\skip54
\mathdisplay@stack=\toks26
LaTeX Info: Redefining \[ on input line 2965.
LaTeX Info: Redefining \] on input line 2966.
) (C:\Users\troll\AppData\Local\Programs\MiKTeX\tex/latex/amsfonts\amssymb.sty
Package: amssymb 2013/01/14 v3.01 AMS font symbols
 (C:\Users\troll\AppData\Local\Programs\MiKTeX\tex/latex/amsfonts\amsfonts.sty
Package: amsfonts 2013/01/14 v3.01 Basic AMSFonts support
\symAMSa=\mathgroup4
\symAMSb=\mathgroup5
LaTeX Font Info:    Redeclaring math symbol \hbar on input line 98.
LaTeX Font Info:    Overwriting math alphabet `\mathfrak' in version `bold'
(Font)                  U/euf/m/n --> U/euf/b/n on input line 106.
)) (C:\Users\troll\AppData\Local\Programs\MiKTeX\tex/latex/cite\cite.sty
LaTeX Info: Redefining \cite on input line 302.
LaTeX Info: Redefining \nocite on input line 332.
Package: cite 2015/02/27  v 5.5
) (C:\Users\troll\AppData\Local\Programs\MiKTeX\tex/latex/listings\listings.sty
\lst@mode=\count315
\lst@gtempboxa=\box56
\lst@token=\toks27
\lst@length=\count316
\lst@currlwidth=\dimen175
\lst@column=\count317
\lst@pos=\count318
\lst@lostspace=\dimen176
\lst@width=\dimen177
\lst@newlines=\count319
\lst@lineno=\count320
\lst@maxwidth=\dimen178
 (C:\Users\troll\AppData\Local\Programs\MiKTeX\tex/latex/listings\lstpatch.sty
File: lstpatch.sty 2025/11/14 1.11b (Carsten Heinz)
) (C:\Users\troll\AppData\Local\Programs\MiKTeX\tex/latex/listings\lstmisc.sty
File: lstmisc.sty 2025/11/14 1.11b (Carsten Heinz)
\c@lstnumber=\count321
\lst@skipnumbers=\count322
\lst@framebox=\box57
) (C:\Users\troll\AppData\Local\Programs\MiKTeX\tex/latex/listings\listings.cfg
File: listings.cfg 2025/11/14 1.11b listings configuration
))
Package: listings 2025/11/14 1.11b (Carsten Heinz)
 (C:\Users\troll\AppData\Local\Programs\MiKTeX\tex/latex/tools\verbatim.sty
Package: verbatim 2024-01-22 v1.5x LaTeX2e package for verbatim enhancements
\every@verbatim=\toks28
\verbatim@line=\toks29
\verbatim@in@stream=\read3
) (C:\Users\troll\AppData\Local\Programs\MiKTeX\tex/latex/fancyvrb\fancyvrb.sty
Package: fancyvrb 2026/04/16 4.6a verbatim text (tvz,hv)
\FV@CodeLineNo=\count323
\FV@InFile=\read4
\FV@TabBox=\box58
\c@FancyVerbLine=\count324
\FV@StepNumber=\count325
\FV@OutFile=\write3
) (C:\Users\troll\AppData\Local\Programs\MiKTeX\tex/latex/parskip\parskip.sty
Package: parskip 2021-03-14 v2.0h non-zero parskip adjustments
) (C:\Users\troll\AppData\Local\Programs\MiKTeX\tex/latex/fancyhdr\fancyhdr.sty
Package: fancyhdr 2025/02/07 v5.2 Extensive control of page headers and footers
\f@nch@headwidth=\skip55
\f@nch@offset@elh=\skip56
\f@nch@offset@erh=\skip57
\f@nch@offset@olh=\skip58
\f@nch@offset@orh=\skip59
\f@nch@offset@elf=\skip60
\f@nch@offset@erf=\skip61
\f@nch@offset@olf=\skip62
\f@nch@offset@orf=\skip63
\f@nch@height=\skip64
\f@nch@footalignment=\skip65
\f@nch@widthL=\skip66
\f@nch@widthC=\skip67
\f@nch@widthR=\skip68
\@temptokenb=\toks30
) (C:\Users\troll\AppData\Local\Programs\MiKTeX\tex/latex/lastpage\lastpage.sty
Package: lastpage 2025/08/14 v2.1h lastpage: 2.09 or 2e? (HMM)
 (C:\Users\troll\AppData\Local\Programs\MiKTeX\tex/latex/lastpage\lastpage2e.sty
Package: lastpage2e 2025/08/14 v2.1h Decide which 2e lastpage version to use (HMM)
 (C:\Users\troll\AppData\Local\Programs\MiKTeX\tex/latex/lastpage\lastpagemodern.sty
Package: lastpagemodern 2025-08-14 v2.1h Refers to last page's name (HMM; JPG)
\c@lastpagecount=\count326
) 
)) (C:\Users\troll\AppData\Local\Programs\MiKTeX\tex/latex/multirow\multirow.sty
Package: multirow 2024/11/12 v2.9 Span multiple rows of a table
\multirow@colwidth=\skip69
\multirow@cntb=\count327
\multirow@dima=\skip70
\bigstrutjot=\dimen179
) (C:\Users\troll\AppData\Local\Programs\MiKTeX\tex/latex/tools\longtable.sty
Package: longtable 2026-01-28 v4.27 Multi-page Table package (DPC)
\LTleft=\skip71
\LTright=\skip72
\LTpre=\skip73
\LTpost=\skip74
\LTchunksize=\count328
\LTcapwidth=\dimen180
\LT@head=\box59
\LT@firsthead=\box60
\LT@foot=\box61
\LT@lastfoot=\box62
\LT@gbox=\box63
\LT@cols=\count329
\LT@rows=\count330
\c@LT@tables=\count331
\c@LT@chunks=\count332
\LT@p@ftn=\toks31
) (C:\Users\troll\AppData\Local\Programs\MiKTeX\tex/latex/colortbl\colortbl.sty
Package: colortbl 2026/05/01 v1.0l Color table columns (DPC)
 (C:\Users\troll\AppData\Local\Programs\MiKTeX\tex/latex/tools\array.sty
Package: array 2026/02/24 v2.7b Tabular extension package (FMi)
\col@sep=\dimen181
\ar@mcellbox=\box64
\extrarowheight=\dimen182
\NC@list=\toks32
\extratabsurround=\skip75
\backup@length=\skip76
\ar@cellbox=\box65
)
new hooks used!!
\minrowclearance=\skip77
\rownum=\count333
) (C:\Users\troll\AppData\Local\Programs\MiKTeX\tex/latex/adjustbox\adjustbox.sty
Package: adjustbox 2025/02/26 v1.3c Adjusting TeX boxes (trim, clip, ...)
 (C:\Users\troll\AppData\Local\Programs\MiKTeX\tex/latex/xkeyval\xkeyval.sty
Package: xkeyval 2022/06/16 v2.9 package option processing (HA)
 (C:\Users\troll\AppData\Local\Programs\MiKTeX\tex/generic/xkeyval\xkeyval.tex (C:\Users\troll\AppData\Local\Programs\MiKTeX\tex/generic/xkeyval\xkvutils.tex
\XKV@toks=\toks33
\XKV@tempa@toks=\toks34
)
\XKV@depth=\count334
File: xkeyval.tex 2014/12/03 v2.7a key=value parser (HA)
)) (C:\Users\troll\AppData\Local\Programs\MiKTeX\tex/latex/adjustbox\adjcalc.sty
Package: adjcalc 2012/05/16 v1.1 Provides advanced setlength with multiple back-ends (calc, etex, pgfmath)
) (C:\Users\troll\AppData\Local\Programs\MiKTeX\tex/latex/adjustbox\trimclip.sty
Package: trimclip 2025/02/21 v1.2a Trim and clip general TeX material
 (C:\Users\troll\AppData\Local\Programs\MiKTeX\tex/latex/collectbox\collectbox.sty
Package: collectbox 2022/10/17 v0.4c Collect macro arguments as boxes
\collectedbox=\box66
)
\tc@llx=\dimen183
\tc@lly=\dimen184
\tc@urx=\dimen185
\tc@ury=\dimen186
Package trimclip Info: Using driver 'tc-pdftex.def'.
 (C:\Users\troll\AppData\Local\Programs\MiKTeX\tex/latex/adjustbox\tc-pdftex.def
File: tc-pdftex.def 2025/02/26 v2.3 Clipping driver for pdftex
))
\adjbox@Width=\dimen187
\adjbox@Height=\dimen188
\adjbox@Depth=\dimen189
\adjbox@Totalheight=\dimen190
\adjbox@pwidth=\dimen191
\adjbox@pheight=\dimen192
\adjbox@pdepth=\dimen193
\adjbox@ptotalheight=\dimen194
 (C:\Users\troll\AppData\Local\Programs\MiKTeX\tex/latex/ifoddpage\ifoddpage.sty
Package: ifoddpage 2022/10/18 v1.2 Conditionals for odd/even page detection
\c@checkoddpage=\count335
) (C:\Users\troll\AppData\Local\Programs\MiKTeX\tex/latex/varwidth\varwidth.sty
Package: varwidth 2009/03/30 ver 0.92;  Variable-width minipages
\@vwid@box=\box67
\sift@deathcycles=\count336
\@vwid@loff=\dimen195
\@vwid@roff=\dimen196
)
==> First Aid for varwidth.sty applied!
) (C:\Users\troll\AppData\Local\Programs\MiKTeX\tex/latex/caption\caption.sty
Package: caption 2023/08/05 v3.6o Customizing captions (AR)
 (C:\Users\troll\AppData\Local\Programs\MiKTeX\tex/latex/caption\caption3.sty
Package: caption3 2023/07/31 v2.4d caption3 kernel (AR)
\caption@tempdima=\dimen197
\captionmargin=\dimen198
\caption@leftmargin=\dimen199
\caption@rightmargin=\dimen256
\caption@width=\dimen257
\caption@indent=\dimen258
\caption@parindent=\dimen259
\caption@hangindent=\dimen260
Package caption Info: Standard document class detected.
)
\c@caption@flags=\count337
\c@continuedfloat=\count338
Package caption Info: hyperref package is loaded.
Package caption Info: listings package is loaded.
Package caption Info: longtable package is loaded.
 (C:\Users\troll\AppData\Local\Programs\MiKTeX\tex/latex/caption\ltcaption.sty
Package: ltcaption 2021/01/08 v1.4c longtable captions (AR)
)) (C:\Users\troll\AppData\Local\Programs\MiKTeX\tex/latex/nowidow\nowidow.sty
Package: nowidow 2011/09/20 1.0 Easily prevent widows and orphans
Package: nowidow 
) (C:\Users\troll\AppData\Local\Programs\MiKTeX\tex/latex/tocbibind\tocbibind.sty
Package: tocbibind 2026/06/01 v1.5l extra ToC listings
Package tocbibind Info: The document has chapter divisions on input line 50.


Package tocbibind Note: Using chapter style headings, unless overridden.

) (C:\Users\troll\AppData\Local\Programs\MiKTeX\tex/latex/dirtree\dirtree.sty
Package: dirtree 2012/12/11 v0.32 package wrapper for dirtree
 (C:\Users\troll\AppData\Local\Programs\MiKTeX\tex/generic/dirtree\dirtree.tex `dirtree' v0.32, 2012/12/11 (jcc)
\DT@offset=\dimen261
\DT@width=\dimen262
\DT@sep=\dimen263
\DT@all=\dimen264
\DT@rulewidth=\dimen265
\DT@dotwidth=\dimen266
\DTbaselineskip=\dimen267
\DT@counti=\count339
\DT@countii=\count340
\DT@countiii=\count341
\DT@countiv=\count342
\DT@indent=\dimen268
\DT@parskip=\dimen269
\DT@baselineskip=\dimen270
)
File: dirtree.tex 2012/12/11 v0.32 `dirtree' (jcc)
) (C:\Users\troll\AppData\Local\Programs\MiKTeX\tex/latex/tools\tabularx.sty
Package: tabularx 2023/12/11 v2.12a `tabularx' package (DPC)
\TX@col@width=\dimen271
\TX@old@table=\dimen272
\TX@old@col=\dimen273
\TX@target=\dimen274
\TX@delta=\dimen275
\TX@cols=\count343
\TX@ftn=\toks35
) (C:\Users\troll\AppData\Local\Programs\MiKTeX\tex/latex/doi\doi.sty
Package: doi 2018/09/09 handle doi numbers
) (C:\Users\troll\AppData\Local\Programs\MiKTeX\tex/latex/xurl\xurl.sty
Package: xurl 2022/01/09 v 0.10 modify URL breaks
)
Package caption Info: Option `figurename' requires the `newfloat' package on input line 46.
 (C:\Users\troll\AppData\Local\Programs\MiKTeX\tex/latex/newfloat\newfloat.sty
Package: newfloat 2023/10/01 v1.2 Defining new floating environments (AR)
Package newfloat Info: Unsupported document class, or \@chapter 
(newfloat)             was already redefined by another package.
Package newfloat Info: \@chapter = macro:->\def \Hy@next {\Hy@MakeCurrentHrefAuto {\Hy@chapapp *}\Hy@raisedlink {\hyper@anchorstart {\@currentHref }\hyper@anchorend }}\ifnum \c@secnumdepth >\m@ne \@ifundefined {if@mainmatter}\iftrue {\csname if@mainmatter\endcsname }\let \Hy@next \relax \fi \fi \Hy@next \Hy@org@chapter .
Package newfloat Info: \Hy@org@chapter = macro:[#1]#2->\NR@gettitle {#1}\NR@chapter [{#1}]{#2}.
Package newfloat Info: \algocf@original@chapter = undefined.
) (C:\Users\troll\AppData\Local\Programs\MiKTeX\tex/latex/listings\lstlang1.sty
File: lstlang1.sty 2025/11/14 1.11b listings language file
) (C:\Users\troll\AppData\Local\Programs\MiKTeX\tex/latex/l3backend\l3backend-pdftex.def
File: l3backend-pdftex.def 2026-02-18 L3 backend support: PDF output (pdfTeX)
\l__color_backend_stack_int=\count344
) (main.aux
LaTeX Info: Redefining \. on input line 12.
LaTeX Info: Redefining \% on input line 12.
)
\openout1 = `main.aux'.

LaTeX Font Info:    Checking defaults for OML/cmm/m/it on input line 103.
LaTeX Font Info:    ... okay on input line 103.
LaTeX Font Info:    Checking defaults for OMS/cmsy/m/n on input line 103.
LaTeX Font Info:    ... okay on input line 103.
LaTeX Font Info:    Checking defaults for OT1/cmr/m/n on input line 103.
LaTeX Font Info:    ... okay on input line 103.
LaTeX Font Info:    Checking defaults for T1/cmr/m/n on input line 103.
LaTeX Font Info:    ... okay on input line 103.
LaTeX Font Info:    Checking defaults for TS1/cmr/m/n on input line 103.
LaTeX Font Info:    ... okay on input line 103.
LaTeX Font Info:    Checking defaults for OMX/cmex/m/n on input line 103.
LaTeX Font Info:    ... okay on input line 103.
LaTeX Font Info:    Checking defaults for U/cmr/m/n on input line 103.
LaTeX Font Info:    ... okay on input line 103.
LaTeX Font Info:    Checking defaults for PD1/pdf/m/n on input line 103.
LaTeX Font Info:    ... okay on input line 103.
LaTeX Font Info:    Checking defaults for PU/pdf/m/n on input line 103.
LaTeX Font Info:    ... okay on input line 103.

*geometry* driver: auto-detecting
*geometry* detected driver: pdftex
*geometry* verbose mode - [ preamble ] result:
* driver: pdftex
* paper: a4paper
* layout: <same size as paper>
* layoutoffset:(h,v)=(0.0pt,0.0pt)
* modes: 
* h-part:(L,W,R)=(85.35826pt, 441.01773pt, 71.13188pt)
* v-part:(T,H,B)=(85.35826pt, 688.5567pt, 71.13188pt)
* \paperwidth=597.50787pt
* \paperheight=845.04684pt
* \textwidth=441.01773pt
* \textheight=688.5567pt
* \oddsidemargin=13.08827pt
* \evensidemargin=13.08827pt
* \topmargin=-23.91173pt
* \headheight=12.0pt
* \headsep=25.0pt
* \topskip=12.0pt
* \footskip=30.0pt
* \marginparwidth=35.0pt
* \marginparsep=10.0pt
* \columnsep=10.0pt
* \skip\footins=10.8pt plus 4.0pt minus 2.0pt
* \hoffset=0.0pt
* \voffset=0.0pt
* \mag=1000
* \@twocolumnfalse
* \@twosidefalse
* \@mparswitchfalse
* \@reversemarginfalse
* (1in=72.27pt=25.4mm, 1cm=28.453pt)

LaTeX Info: Redefining \. on input line 103.
LaTeX Info: Redefining \% on input line 103.
(C:\Users\troll\AppData\Local\Programs\MiKTeX\tex/context/base/mkii\supp-pdf.mkii
[Loading MPS to PDF converter (version 2006.09.02).]
\scratchcounter=\count345
\scratchdimen=\dimen276
\scratchbox=\box68
\nofMPsegments=\count346
\nofMParguments=\count347
\everyMPshowfont=\toks36
\MPscratchCnt=\count348
\MPscratchDim=\dimen277
\MPnumerator=\count349
\makeMPintoPDFobject=\count350
\everyMPtoPDFconversion=\toks37
) (C:\Users\troll\AppData\Local\Programs\MiKTeX\tex/latex/epstopdf-pkg\epstopdf-base.sty
Package: epstopdf-base 2020-01-24 v2.11 Base part for package epstopdf
Package epstopdf-base Info: Redefining graphics rule for `.eps' on input line 485.
 (C:\Users\troll\AppData\Local\Programs\MiKTeX\tex/latex/00miktex\epstopdf-sys.cfg
File: epstopdf-sys.cfg 2021/03/18 v2.0 Configuration of epstopdf for MiKTeX
))
Package hyperref Info: Link coloring OFF on input line 103.
 (main.out) (main.out)
\@outlinefile=\write4
\openout4 = `main.out'.

\c@lstlisting=\count351
Package caption Info: Begin \AtBeginDocument code.
Package caption Info: End \AtBeginDocument code.
Package newfloat Info: Trying Plan B...
<figures/ule.jpg, id=227, 312.9291pt x 170.7981pt>
File: figures/ule.jpg Graphic file (type jpg)
<use figures/ule.jpg>
Package pdftex.def Info: figures/ule.jpg  used on input line 109.
(pdftex.def)             Requested size: 156.38776pt x 85.35826pt.
<figures/escudo_ing.png, id=228, 519.9425pt x 595.22375pt>
File: figures/escudo_ing.png Graphic file (type png)
<use figures/escudo_ing.png>
Package pdftex.def Info: figures/escudo_ing.png  used on input line 110.
(pdftex.def)             Requested size: 85.35826pt x 97.71722pt.
 [1

{C:/Users/troll/AppData/Local/MiKTeX/fonts/map/pdftex/pdftex.map} <./figures/ule.jpg> <./figures/escudo_ing.png>]
Overfull \hbox (27.02634pt too wide) in alignment at lines 138--154
 [] 
 []


Overfull \hbox (27.02634pt too wide) in alignment at lines 157--161
 [] 
 []


Overfull \hbox (27.02634pt too wide) in alignment at lines 164--170
 [] 
 []


pdfTeX warning (ext4): destination with the same identifier (name{page.1}) has been already used, duplicate ignored
<to be read again> 
                   \relax 
l.172 \newpage
               [1] (main.toc
LaTeX Info: Redefining \. on input line 1.
LaTeX Info: Redefining \% on input line 1.
LaTeX Font Info:    Trying to load font information for U+msa on input line 6.
 (C:\Users\troll\AppData\Local\Programs\MiKTeX\tex/latex/amsfonts\umsa.fd
File: umsa.fd 2013/01/14 v3.01 AMS symbols A
)
LaTeX Font Info:    Trying to load font information for U+msb on input line 6.
 (C:\Users\troll\AppData\Local\Programs\MiKTeX\tex/latex/amsfonts\umsb.fd
File: umsb.fd 2013/01/14 v3.01 AMS symbols B
)
pdfTeX warning (ext4): destination with the same identifier (name{page.1}) has been already used, duplicate ignored
<to be read again> 
                   \relax 
l.25 ...berline {4.1.6}CCPD}{72}{subsection.4.1.6}
                                                  % [1

] [2])
\tf@toc=\write5
\openout5 = `main.toc'.

 [3] (main.lof
LaTeX Info: Redefining \. on input line 1.
LaTeX Info: Redefining \% on input line 1.

Overfull \hbox (15.3876pt too wide) in paragraph at lines 4--4
 \T1/cmr/m/n/12 vehícu-los \T1/cmr/m/n/10 Fuen-te: \T1/cmr/m/it/10 https://www.sciencedirect.com/science/article/pii/S0045790626001588[] [][]  
 []


Overfull \hbox (170.59978pt too wide) in paragraph at lines 5--5
 \T1/cmr/m/n/12 tas imá-ge-nes del da-ta-set TVAP-Normal \T1/cmr/m/n/10 Fuen-te: \T1/cmr/m/it/10 https://www.sciencedirect.com/science/article/pii/S026322412600045X[] [][]  
 []


Overfull \hbox (263.58409pt too wide) in paragraph at lines 6--6
 [][] [][]\T1/cmr/m/n/12 Ejemplo de de-tec-ción de vehícu-los so-bre una vis-ta UAV \T1/cmr/m/n/10 Fuen-te: \T1/cmr/m/it/10 https://www.sciencedirect.com/org/science/article/pii/S1546221826000974[] [][]  
 []


Overfull \hbox (212.87706pt too wide) in paragraph at lines 7--7
 [][] [][]\T1/cmr/m/n/12 Arquitectura de una FPN bi-di-rec-cio-nal (BiFPN) \T1/cmr/m/n/10 Fuen-te: \T1/cmr/m/it/10 https://www.sciencedirect.com/science/article/pii/S1110016825007999[] [][]  
 []


Overfull \hbox (2.80466pt too wide) in paragraph at lines 10--10
 \T1/cmr/m/n/12 má-fo-ro \T1/cmr/m/n/10 Fuen-te: \T1/cmr/m/it/10 https://ieeexplore.ieee.org/stamp/stamp.jsp?tp=&arnumber=10984828[] [][]  
 []


Overfull \hbox (3.08095pt too wide) in paragraph at lines 11--11
 [][] [][]\T1/cmr/m/n/12 Rendimiento de YO-LOv8 fren-te a otros de-tec-to-res en de-tec-ción de vehícu- 
 []


Overfull \hbox (118.98189pt too wide) in paragraph at lines 12--12
 [][] [][]\T1/cmr/m/n/12 Sistema de de-tec-ción de vehícu-los con in-ter-sec-cio-nes \T1/cmr/m/n/10 Fuen-te: \T1/cmr/m/it/10 https://ieeexplore.ieee.org/document/9858960[] [][]  
 []


Overfull \hbox (14.66986pt too wide) in paragraph at lines 13--13
 [][] [][]\T1/cmr/m/n/12 Arquitectura de YOLOv7-veh \T1/cmr/m/n/10 Fuen-te: \T1/cmr/m/it/10 https://ieeexplore.ieee.org/document/10828068[] [][]  
 []


Overfull \hbox (130.48746pt too wide) in paragraph at lines 14--14
 [][] [][]\T1/cmr/m/n/12 Arquitectura de la red AR-VDN \T1/cmr/m/n/10 Fuen-te: \T1/cmr/m/it/10 https://www.sciencedirect.com/science/article/pii/S0926580526001342[] [][]  
 []


Overfull \hbox (250.67438pt too wide) in paragraph at lines 15--15
 [][] [][]\T1/cmr/m/n/12 Arquitectura Hour-glass \T1/cmr/m/n/10 Fuen-te: \T1/cmr/m/it/10 https://www.researchgate.net/publication/389643765_Enhanced_Nighttime_Vehicle_Detection_for_On- 
 []


Overfull \hbox (121.26332pt too wide) in paragraph at lines 17--17
 [][] [][]\T1/cmr/m/n/12 Estructura de la pri-me-ra CNN \T1/cmr/m/n/10 Fuen-te: \T1/cmr/m/it/10 https://www.sciencedirect.com/science/article/pii/S0262885618300155[] [][]  
 []


Overfull \hbox (116.695pt too wide) in paragraph at lines 18--18
 [][] [][]\T1/cmr/m/n/12 Estructura de la ter-ce-ra CNN \T1/cmr/m/n/10 Fuen-te: \T1/cmr/m/it/10 https://www.sciencedirect.com/science/article/pii/S0262885618300155[] [][]  
 []

[4

]
Overfull \hbox (22.5664pt too wide) in paragraph at lines 21--21
 \T1/cmr/m/n/12 ma-trí-cu-las \T1/cmr/m/n/10 Fuen-te: \T1/cmr/m/it/10 https://www.sciencedirect.com/science/article/pii/S0893608026003047[] [][]  
 []


Overfull \hbox (148.11919pt too wide) in paragraph at lines 22--22
 [][] [][]\T1/cmr/m/n/12 Resultados del al-go-rit-mo de re-co-no-ci-mien-to de ma-trí-cu-las \T1/cmr/m/n/10 Fuen-te: \T1/cmr/m/it/10 https://ieeexplore.ieee.org/document/9790745[] [][]  
 []


Overfull \hbox (98.7355pt too wide) in paragraph at lines 24--24
 [][] [][]\T1/cmr/m/n/12 Proceso de flu-jo de seg-men-ta-ción de ma-trí-cu-las \T1/cmr/m/n/10 Fuen-te: \T1/cmr/m/it/10 https://ieeexplore.ieee.org/document/10183638[] [][]  
 []


Overfull \hbox (27.16824pt too wide) in paragraph at lines 25--25
 [][] [][]\T1/cmr/m/n/12 Ejemplos de ma-trí-cu-las tai-lan-de-sas \T1/cmr/m/n/10 Fuen-te: \T1/cmr/m/it/10 https://www.nature.com/articles/s41598- 
 []


Overfull \hbox (98.20236pt too wide) in paragraph at lines 26--26
 [][] [][]\T1/cmr/m/n/12 Resultado de Tes-se-ract OCR en va-rias ma-trí-cu-las \T1/cmr/m/n/10 Fuen-te: \T1/cmr/m/it/10 https://www.nature.com/articles/s41598- 
 []


Overfull \hbox (19.48282pt too wide) in paragraph at lines 30--30
 [][] [][]\T1/cmr/m/n/12 Post-procesado de (a) Ma-trí-cu-la (b) Mar-ca \T1/cmr/m/n/10 Fuen-te: \T1/cmr/m/it/10 https://arxiv.org/pdf/2302.00837[] [][]  
 []


Overfull \hbox (45.7486pt too wide) in paragraph at lines 35--35
 [][] [][]\T1/cmr/m/n/12 Extractor de ca-rac-te-rís-ti-cas del mo-de-lo LPRNet \T1/cmr/m/n/10 Fuen-te: \T1/cmr/m/it/10 https://arxiv.org/pdf/1806.10447[] [][]  
 []


Overfull \hbox (153.76637pt too wide) in paragraph at lines 39--39
 [][] [][]\T1/cmr/m/n/12 Arquitectura de LeNet-5 mo-di-fi-ca-da \T1/cmr/m/n/10 Fuen-te: \T1/cmr/m/it/10 https://www.sciencedirect.com/science/article/pii/S016792602600009X[] [][]  
 []


Overfull \hbox (153.76637pt too wide) in paragraph at lines 40--40
 [][] [][]\T1/cmr/m/n/12 Arquitectura de LeNet-5 mo-di-fi-ca-da \T1/cmr/m/n/10 Fuen-te: \T1/cmr/m/it/10 https://www.sciencedirect.com/science/article/pii/S016792602600009X[] [][]  
 []

[5]
Overfull \hbox (53.5647pt too wide) in paragraph at lines 44--44
 [][] [][]\T1/cmr/m/n/12 Estrategia de prio-ri-za-ción del sis-te-ma Pro-gloss \T1/cmr/m/n/10 Fuen-te: \T1/cmr/m/it/10 https://arxiv.org/html/2601.12882v1[] [][]  
 []


Overfull \hbox (4.02269pt too wide) in paragraph at lines 46--46
 [][] [][]\T1/cmr/m/n/12 Vista ge-ne-ral del mo-de-lo RT-DETR. \T1/cmr/m/n/10 Fuen-te: \T1/cmr/m/it/10 https://arxiv.org/html/2601.12882v1[] [][]  
 []


Overfull \hbox (171.85934pt too wide) in paragraph at lines 47--47
 [][] [][]\T1/cmr/m/n/12 Esquema del fun-cio-na-mien-to del al-go-rit-mo Tes-se-ract OCR \T1/cmr/m/n/10 Fuen-te: \T1/cmr/m/it/10 https://tesseractocr.blogspot.com/2020/12/how- 
 []


Overfull \hbox (105.91725pt too wide) in paragraph at lines 50--50
 [][] [][]\T1/cmr/m/n/12 Fotograma del es-ce-na-rio 1 con la pers-pec-ti-va de una RSU \T1/cmr/m/n/10 Fuen-te: \T1/cmr/m/it/10 https://zenodo.org/records/18375218[] [][]  
 []


Overfull \hbox (87.9005pt too wide) in paragraph at lines 52--52
 [][] [][]\T1/cmr/m/n/12 Ejemplo del da-ta-set Bdd100k \T1/cmr/m/n/10 Fuen-te: \T1/cmr/m/it/10 https://www.kaggle.com/datasets/solesensei/solesensei_bdd100k[] [][]  
 []


Overfull \hbox (149.15233pt too wide) in paragraph at lines 53--53
 [][] [][]\T1/cmr/m/n/12 Ejemplo del da-ta-set UA_DETRAC \T1/cmr/m/n/10 Fuen-te: \T1/cmr/m/it/10 https://www.sciencedirect.com/science/article/pii/S1077314220300035[] [][]  
 []


Overfull \hbox (19.76605pt too wide) in paragraph at lines 54--54
 [][] [][]\T1/cmr/m/n/12 Ejemplos del da-ta-set UC3M-LP \T1/cmr/m/n/10 Fuen-te: \T1/cmr/m/it/10 https://github.com/ramajoballester/UC3M- 
 []


Overfull \hbox (26.1228pt too wide) in paragraph at lines 55--55
 [][] [][]\T1/cmr/m/n/12 Ejemplos del da-ta-set UC3M-VRI \T1/cmr/m/n/10 Fuen-te: \T1/cmr/m/it/10 https://github.com/ramajoballester/UC3M- 
 []

)
\tf@lof=\write6
\openout6 = `main.lof'.

 [6] (main.lot
LaTeX Info: Redefining \. on input line 1.
LaTeX Info: Redefining \% on input line 1.
 [7

])
\tf@lot=\write7
\openout7 = `main.lot'.

 [8] [9

]

Package fancyhdr Warning: \headheight is too small (12.0pt): 
(fancyhdr)                Make it at least 13.59999pt, for example:
(fancyhdr)                \setlength{\headheight}{13.59999pt}.
(fancyhdr)                You might also make \topmargin smaller:
(fancyhdr)                \addtolength{\topmargin}{-1.59999pt}.

[10]

Package fancyhdr Warning: \headheight is too small (12.0pt): 
(fancyhdr)                Make it at least 13.59999pt, for example:
(fancyhdr)                \setlength{\headheight}{13.59999pt}.
(fancyhdr)                You might also make \topmargin smaller:
(fancyhdr)                \addtolength{\topmargin}{-1.59999pt}.

[11]
Cap\'{\i }tulo 1.
Package newfloat Info: Setting Plan B file extension to `lof'... on input line 242.
[12

]

Package fancyhdr Warning: \headheight is too small (12.0pt): 
(fancyhdr)                Make it at least 13.59999pt, for example:
(fancyhdr)                \setlength{\headheight}{13.59999pt}.
(fancyhdr)                You might also make \topmargin smaller:
(fancyhdr)                \addtolength{\topmargin}{-1.59999pt}.

[13]

Package fancyhdr Warning: \headheight is too small (12.0pt): 
(fancyhdr)                Make it at least 13.59999pt, for example:
(fancyhdr)                \setlength{\headheight}{13.59999pt}.
(fancyhdr)                You might also make \topmargin smaller:
(fancyhdr)                \addtolength{\topmargin}{-1.59999pt}.

[14]
Cap\'{\i }tulo 2.
[15

]
<figures/vit-yolo.png, id=616, 683.55376pt x 251.43938pt>
File: figures/vit-yolo.png Graphic file (type png)
<use figures/vit-yolo.png>
Package pdftex.def Info: figures/vit-yolo.png  used on input line 297.
(pdftex.def)             Requested size: 374.86775pt x 137.89307pt.
<figures/tvap_example.png, id=621, 339.51843pt x 158.09062pt>
File: figures/tvap_example.png Graphic file (type png)
<use figures/tvap_example.png>
Package pdftex.def Info: figures/tvap_example.png  used on input line 309.
(pdftex.def)             Requested size: 374.86775pt x 174.55875pt.


Package fancyhdr Warning: \headheight is too small (12.0pt): 
(fancyhdr)                Make it at least 13.59999pt, for example:
(fancyhdr)                \setlength{\headheight}{13.59999pt}.
(fancyhdr)                You might also make \topmargin smaller:
(fancyhdr)                \addtolength{\topmargin}{-1.59999pt}.

[16 <./figures/vit-yolo.png>]
<figures/art3.png, id=637, 1254.6875pt x 648.4225pt>
File: figures/art3.png Graphic file (type png)
<use figures/art3.png>
Package pdftex.def Info: figures/art3.png  used on input line 321.
(pdftex.def)             Requested size: 374.86775pt x 193.72682pt.


Package fancyhdr Warning: \headheight is too small (12.0pt): 
(fancyhdr)                Make it at least 13.59999pt, for example:
(fancyhdr)                \setlength{\headheight}{13.59999pt}.
(fancyhdr)                You might also make \topmargin smaller:
(fancyhdr)                \addtolength{\topmargin}{-1.59999pt}.

[17 <./figures/tvap_example.png>]
<figures/bifpn.png, id=652, 698.61pt x 273.02pt>
File: figures/bifpn.png Graphic file (type png)
<use figures/bifpn.png>
Package pdftex.def Info: figures/bifpn.png  used on input line 333.
(pdftex.def)             Requested size: 374.86775pt x 146.49959pt.


Package fancyhdr Warning: \headheight is too small (12.0pt): 
(fancyhdr)                Make it at least 13.59999pt, for example:
(fancyhdr)                \setlength{\headheight}{13.59999pt}.
(fancyhdr)                You might also make \topmargin smaller:
(fancyhdr)                \addtolength{\topmargin}{-1.59999pt}.

[18 <./figures/art3.png (PNG copy)> <./figures/bifpn.png (PNG copy)>]
<figures/context_rcnn.png, id=666, 729.47531pt x 272.51813pt>
File: figures/context_rcnn.png Graphic file (type png)
<use figures/context_rcnn.png>
Package pdftex.def Info: figures/context_rcnn.png  used on input line 366.
(pdftex.def)             Requested size: 374.86775pt x 140.04276pt.


Package fancyhdr Warning: \headheight is too small (12.0pt): 
(fancyhdr)                Make it at least 13.59999pt, for example:
(fancyhdr)                \setlength{\headheight}{13.59999pt}.
(fancyhdr)                You might also make \topmargin smaller:
(fancyhdr)                \addtolength{\topmargin}{-1.59999pt}.

[19]
<figures/doble_yolo.png, id=677, 596.98032pt x 408.77719pt>
File: figures/doble_yolo.png Graphic file (type png)
<use figures/doble_yolo.png>
Package pdftex.def Info: figures/doble_yolo.png  used on input line 378.
(pdftex.def)             Requested size: 330.76329pt x 226.4873pt.


Package fancyhdr Warning: \headheight is too small (12.0pt): 
(fancyhdr)                Make it at least 13.59999pt, for example:
(fancyhdr)                \setlength{\headheight}{13.59999pt}.
(fancyhdr)                You might also make \topmargin smaller:
(fancyhdr)                \addtolength{\topmargin}{-1.59999pt}.

[20 <./figures/context_rcnn.png>]
<figures/pcu.png, id=686, 646.66594pt x 481.04718pt>
File: figures/pcu.png Graphic file (type png)
<use figures/pcu.png>
Package pdftex.def Info: figures/pcu.png  used on input line 396.
(pdftex.def)             Requested size: 330.76329pt x 246.05016pt.
<figures/yolo8_vdet.png, id=689, 511.15968pt x 459.96844pt>
File: figures/yolo8_vdet.png Graphic file (type png)
<use figures/yolo8_vdet.png>
Package pdftex.def Info: figures/yolo8_vdet.png  used on input line 408.
(pdftex.def)             Requested size: 220.50887pt x 198.42125pt.


Package fancyhdr Warning: \headheight is too small (12.0pt): 
(fancyhdr)                Make it at least 13.59999pt, for example:
(fancyhdr)                \setlength{\headheight}{13.59999pt}.
(fancyhdr)                You might also make \topmargin smaller:
(fancyhdr)                \addtolength{\topmargin}{-1.59999pt}.

[21 <./figures/doble_yolo.png>]
<figures/intersec.png, id=699, 598.48593pt x 344.78813pt>
File: figures/intersec.png Graphic file (type png)
<use figures/intersec.png>
Package pdftex.def Info: figures/intersec.png  used on input line 420.
(pdftex.def)             Requested size: 374.86775pt x 215.96553pt.


Package fancyhdr Warning: \headheight is too small (12.0pt): 
(fancyhdr)                Make it at least 13.59999pt, for example:
(fancyhdr)                \setlength{\headheight}{13.59999pt}.
(fancyhdr)                You might also make \topmargin smaller:
(fancyhdr)                \addtolength{\topmargin}{-1.59999pt}.

[22 <./figures/pcu.png>]
<figures/yolov7_veh.png, id=712, 552.0625pt x 400.49625pt>
File: figures/yolov7_veh.png Graphic file (type png)
<use figures/yolov7_veh.png>
Package pdftex.def Info: figures/yolov7_veh.png  used on input line 432.
(pdftex.def)             Requested size: 374.86775pt x 271.96106pt.


Package fancyhdr Warning: \headheight is too small (12.0pt): 
(fancyhdr)                Make it at least 13.59999pt, for example:
(fancyhdr)                \setlength{\headheight}{13.59999pt}.
(fancyhdr)                You might also make \topmargin smaller:
(fancyhdr)                \addtolength{\topmargin}{-1.59999pt}.

[23 <./figures/yolo8_vdet.png>]

Package fancyhdr Warning: \headheight is too small (12.0pt): 
(fancyhdr)                Make it at least 13.59999pt, for example:
(fancyhdr)                \setlength{\headheight}{13.59999pt}.
(fancyhdr)                You might also make \topmargin smaller:
(fancyhdr)                \addtolength{\topmargin}{-1.59999pt}.

[24 <./figures/intersec.png>]

Package fancyhdr Warning: \headheight is too small (12.0pt): 
(fancyhdr)                Make it at least 13.59999pt, for example:
(fancyhdr)                \setlength{\headheight}{13.59999pt}.
(fancyhdr)                You might also make \topmargin smaller:
(fancyhdr)                \addtolength{\topmargin}{-1.59999pt}.

[25 <./figures/yolov7_veh.png (PNG copy)>]
<figures/ar_vdn.png, id=741, 713.66624pt x 368.37625pt>
File: figures/ar_vdn.png Graphic file (type png)
<use figures/ar_vdn.png>
Package pdftex.def Info: figures/ar_vdn.png  used on input line 476.
(pdftex.def)             Requested size: 374.86775pt x 193.49597pt.


Package fancyhdr Warning: \headheight is too small (12.0pt): 
(fancyhdr)                Make it at least 13.59999pt, for example:
(fancyhdr)                \setlength{\headheight}{13.59999pt}.
(fancyhdr)                You might also make \topmargin smaller:
(fancyhdr)                \addtolength{\topmargin}{-1.59999pt}.

[26 <./figures/ar_vdn.png (PNG copy)>]
<figures/hourglass.png, id=752, 758.835pt x 532.23843pt>
File: figures/hourglass.png Graphic file (type png)
<use figures/hourglass.png>
Package pdftex.def Info: figures/hourglass.png  used on input line 507.
(pdftex.def)             Requested size: 374.86775pt x 262.93501pt.

Overfull \hbox (20.59666pt too wide) in paragraph at lines 509--509
 \T1/cmr/m/it/10 https://www.researchgate.net/publication/389643765_Enhanced_Nighttime_Vehicle_Detection_for_On- 
 []


Package fancyhdr Warning: \headheight is too small (12.0pt): 
(fancyhdr)                Make it at least 13.59999pt, for example:
(fancyhdr)                \setlength{\headheight}{13.59999pt}.
(fancyhdr)                You might also make \topmargin smaller:
(fancyhdr)                \addtolength{\topmargin}{-1.59999pt}.

[27]

Package fancyhdr Warning: \headheight is too small (12.0pt): 
(fancyhdr)                Make it at least 13.59999pt, for example:
(fancyhdr)                \setlength{\headheight}{13.59999pt}.
(fancyhdr)                You might also make \topmargin smaller:
(fancyhdr)                \addtolength{\topmargin}{-1.59999pt}.

[28 <./figures/hourglass.png>]
<figures/detection_methods.png, id=770, 552.0625pt x 292.09125pt>
File: figures/detection_methods.png Graphic file (type png)
<use figures/detection_methods.png>
Package pdftex.def Info: figures/detection_methods.png  used on input line 532.
(pdftex.def)             Requested size: 374.86775pt x 198.34753pt.


Package fancyhdr Warning: \headheight is too small (12.0pt): 
(fancyhdr)                Make it at least 13.59999pt, for example:
(fancyhdr)                \setlength{\headheight}{13.59999pt}.
(fancyhdr)                You might also make \topmargin smaller:
(fancyhdr)                \addtolength{\topmargin}{-1.59999pt}.

[29 <./figures/detection_methods.png (PNG copy)>]
<figures/st_cnn_1.png, id=785, 421.575pt x 331.2375pt>
File: figures/st_cnn_1.png Graphic file (type png)
<use figures/st_cnn_1.png>
Package pdftex.def Info: figures/st_cnn_1.png  used on input line 552.
(pdftex.def)             Requested size: 220.50887pt x 173.26039pt.
<figures/st_cnn_2.png, id=786, 421.575pt x 598.48593pt>
File: figures/st_cnn_2.png Graphic file (type png)
<use figures/st_cnn_2.png>
Package pdftex.def Info: figures/st_cnn_2.png  used on input line 560.
(pdftex.def)             Requested size: 220.50887pt x 313.05003pt.


Package fancyhdr Warning: \headheight is too small (12.0pt): 
(fancyhdr)                Make it at least 13.59999pt, for example:
(fancyhdr)                \setlength{\headheight}{13.59999pt}.
(fancyhdr)                You might also make \topmargin smaller:
(fancyhdr)                \addtolength{\topmargin}{-1.59999pt}.

[30]
Overfull \hbox (14.21082pt too wide) in paragraph at lines 580--581
[]\T1/cmr/bx/n/12 Target fra-me-work: \T1/cmr/m/n/12 Los mé-to-dos tra-di-cio-na-les pa-ra la de-tec-ción, co-mo HOG+SVM
 []


Package fancyhdr Warning: \headheight is too small (12.0pt): 
(fancyhdr)                Make it at least 13.59999pt, for example:
(fancyhdr)                \setlength{\headheight}{13.59999pt}.
(fancyhdr)                You might also make \topmargin smaller:
(fancyhdr)                \addtolength{\topmargin}{-1.59999pt}.

[31 <./figures/st_cnn_1.png>]

Package fancyhdr Warning: \headheight is too small (12.0pt): 
(fancyhdr)                Make it at least 13.59999pt, for example:
(fancyhdr)                \setlength{\headheight}{13.59999pt}.
(fancyhdr)                You might also make \topmargin smaller:
(fancyhdr)                \addtolength{\topmargin}{-1.59999pt}.

[32 <./figures/st_cnn_2.png>]
<figures/two-stage.jpg, id=829, 422.7795pt x 232.27579pt>
File: figures/two-stage.jpg Graphic file (type jpg)
<use figures/two-stage.jpg>
Package pdftex.def Info: figures/two-stage.jpg  used on input line 590.
(pdftex.def)             Requested size: 374.86775pt x 205.96632pt.
<figures/one-stage.jpg, id=830, 422.7795pt x 189.05832pt>
File: figures/one-stage.jpg Graphic file (type jpg)
<use figures/one-stage.jpg>
Package pdftex.def Info: figures/one-stage.jpg  used on input line 598.
(pdftex.def)             Requested size: 374.86775pt x 167.64401pt.

Overfull \hbox (77.59325pt too wide) in paragraph at lines 608--631
 [][] 
 []


Package fancyhdr Warning: \headheight is too small (12.0pt): 
(fancyhdr)                Make it at least 13.59999pt, for example:
(fancyhdr)                \setlength{\headheight}{13.59999pt}.
(fancyhdr)                You might also make \topmargin smaller:
(fancyhdr)                \addtolength{\topmargin}{-1.59999pt}.

[33 <./figures/two-stage.jpg> <./figures/one-stage.jpg>]
<figures/mat-rec.jpg, id=839, 422.7795pt x 244.9953pt>
File: figures/mat-rec.jpg Graphic file (type jpg)
<use figures/mat-rec.jpg>
Package pdftex.def Info: figures/mat-rec.jpg  used on input line 639.
(pdftex.def)             Requested size: 374.86775pt x 217.24512pt.

Overfull \hbox (93.39494pt too wide) in paragraph at lines 647--670
 [][] 
 []


Package fancyhdr Warning: \headheight is too small (12.0pt): 
(fancyhdr)                Make it at least 13.59999pt, for example:
(fancyhdr)                \setlength{\headheight}{13.59999pt}.
(fancyhdr)                You might also make \topmargin smaller:
(fancyhdr)                \addtolength{\topmargin}{-1.59999pt}.

[34]

Package fancyhdr Warning: \headheight is too small (12.0pt): 
(fancyhdr)                Make it at least 13.59999pt, for example:
(fancyhdr)                \setlength{\headheight}{13.59999pt}.
(fancyhdr)                You might also make \topmargin smaller:
(fancyhdr)                \addtolength{\topmargin}{-1.59999pt}.

[35 <./figures/mat-rec.jpg>]

Package fancyhdr Warning: \headheight is too small (12.0pt): 
(fancyhdr)                Make it at least 13.59999pt, for example:
(fancyhdr)                \setlength{\headheight}{13.59999pt}.
(fancyhdr)                You might also make \topmargin smaller:
(fancyhdr)                \addtolength{\topmargin}{-1.59999pt}.

[36]
<figures/ml.jpg, id=864, 92.59593pt x 200.24812pt>
File: figures/ml.jpg Graphic file (type jpg)
<use figures/ml.jpg>
Package pdftex.def Info: figures/ml.jpg  used on input line 703.
(pdftex.def)             Requested size: 110.25443pt x 238.43878pt.


Package fancyhdr Warning: \headheight is too small (12.0pt): 
(fancyhdr)                Make it at least 13.59999pt, for example:
(fancyhdr)                \setlength{\headheight}{13.59999pt}.
(fancyhdr)                You might also make \topmargin smaller:
(fancyhdr)                \addtolength{\topmargin}{-1.59999pt}.

[37]
<figures/eocr-ex.jpg, id=873, 243.15843pt x 85.82062pt>
File: figures/eocr-ex.jpg Graphic file (type jpg)
<use figures/eocr-ex.jpg>
Package pdftex.def Info: figures/eocr-ex.jpg  used on input line 721.
(pdftex.def)             Requested size: 220.50887pt x 77.8271pt.


Package fancyhdr Warning: \headheight is too small (12.0pt): 
(fancyhdr)                Make it at least 13.59999pt, for example:
(fancyhdr)                \setlength{\headheight}{13.59999pt}.
(fancyhdr)                You might also make \topmargin smaller:
(fancyhdr)                \addtolength{\topmargin}{-1.59999pt}.

[38 <./figures/ml.jpg>]
<figures/plate-seg.jpg, id=884, 414.04688pt x 168.63pt>
File: figures/plate-seg.jpg Graphic file (type jpg)
<use figures/plate-seg.jpg>
Package pdftex.def Info: figures/plate-seg.jpg  used on input line 740.
(pdftex.def)             Requested size: 374.86775pt x 152.67645pt.


Package fancyhdr Warning: \headheight is too small (12.0pt): 
(fancyhdr)                Make it at least 13.59999pt, for example:
(fancyhdr)                \setlength{\headheight}{13.59999pt}.
(fancyhdr)                You might also make \topmargin smaller:
(fancyhdr)                \addtolength{\topmargin}{-1.59999pt}.

[39 <./figures/eocr-ex.jpg>]

Package fancyhdr Warning: \headheight is too small (12.0pt): 
(fancyhdr)                Make it at least 13.59999pt, for example:
(fancyhdr)                \setlength{\headheight}{13.59999pt}.
(fancyhdr)                You might also make \topmargin smaller:
(fancyhdr)                \addtolength{\topmargin}{-1.59999pt}.

[40 <./figures/plate-seg.jpg>]
<figures/lic-ex.png, id=902, 515.67656pt x 429.85594pt>
File: figures/lic-ex.png Graphic file (type png)
<use figures/lic-ex.png>
Package pdftex.def Info: figures/lic-ex.png  used on input line 756.
(pdftex.def)             Requested size: 220.50887pt x 183.81123pt.

Overfull \hbox (1.5704pt too wide) in paragraph at lines 764--781
 [][] 
 []


Package fancyhdr Warning: \headheight is too small (12.0pt): 
(fancyhdr)                Make it at least 13.59999pt, for example:
(fancyhdr)                \setlength{\headheight}{13.59999pt}.
(fancyhdr)                You might also make \topmargin smaller:
(fancyhdr)                \addtolength{\topmargin}{-1.59999pt}.

[41 <./figures/lic-ex.png>]
<figures/tocr-ex.png, id=913, 1403.99532pt x 393.72093pt>
File: figures/tocr-ex.png Graphic file (type png)
<use figures/tocr-ex.png>
Package pdftex.def Info: figures/tocr-ex.png  used on input line 797.
(pdftex.def)             Requested size: 330.76329pt x 92.75272pt.


Package fancyhdr Warning: \headheight is too small (12.0pt): 
(fancyhdr)                Make it at least 13.59999pt, for example:
(fancyhdr)                \setlength{\headheight}{13.59999pt}.
(fancyhdr)                You might also make \topmargin smaller:
(fancyhdr)                \addtolength{\topmargin}{-1.59999pt}.

[42]
<figures/sys-easyocr.png, id=922, 515.67656pt x 782.925pt>
File: figures/sys-easyocr.png Graphic file (type png)
<use figures/sys-easyocr.png>
Package pdftex.def Info: figures/sys-easyocr.png  used on input line 813.
(pdftex.def)             Requested size: 154.35889pt x 234.35367pt.
<figures/yolo8.png, id=923, 515.67656pt x 328.22626pt>
File: figures/yolo8.png Graphic file (type png)
<use figures/yolo8.png>
Package pdftex.def Info: figures/yolo8.png  used on input line 821.
(pdftex.def)             Requested size: 330.76329pt x 210.53487pt.


Package fancyhdr Warning: \headheight is too small (12.0pt): 
(fancyhdr)                Make it at least 13.59999pt, for example:
(fancyhdr)                \setlength{\headheight}{13.59999pt}.
(fancyhdr)                You might also make \topmargin smaller:
(fancyhdr)                \addtolength{\topmargin}{-1.59999pt}.

[43 <./figures/tocr-ex.png>]

Package fancyhdr Warning: \headheight is too small (12.0pt): 
(fancyhdr)                Make it at least 13.59999pt, for example:
(fancyhdr)                \setlength{\headheight}{13.59999pt}.
(fancyhdr)                You might also make \topmargin smaller:
(fancyhdr)                \addtolength{\topmargin}{-1.59999pt}.

[44 <./figures/sys-easyocr.png>]
<figures/cl-dist.png, id=943, 840.13875pt x 494.59781pt>
File: figures/cl-dist.png Graphic file (type png)
<use figures/cl-dist.png>
Package pdftex.def Info: figures/cl-dist.png  used on input line 841.
(pdftex.def)             Requested size: 374.86775pt x 220.68776pt.


Package fancyhdr Warning: \headheight is too small (12.0pt): 
(fancyhdr)                Make it at least 13.59999pt, for example:
(fancyhdr)                \setlength{\headheight}{13.59999pt}.
(fancyhdr)                You might also make \topmargin smaller:
(fancyhdr)                \addtolength{\topmargin}{-1.59999pt}.

[45 <./figures/yolo8.png>]
Overfull \hbox (3.71017pt too wide) in paragraph at lines 849--862
 [][] 
 []

<figures/shine-example.png, id=950, 871.75688pt x 623.32875pt>
File: figures/shine-example.png Graphic file (type png)
<use figures/shine-example.png>
Package pdftex.def Info: figures/shine-example.png  used on input line 868.
(pdftex.def)             Requested size: 330.76329pt x 236.49644pt.
<figures/shine.png, id=951, 825.83531pt x 505.89pt>
File: figures/shine.png Graphic file (type png)
<use figures/shine.png>
Package pdftex.def Info: figures/shine.png  used on input line 876.
(pdftex.def)             Requested size: 374.86775pt x 229.63995pt.

Package fancyhdr Warning: \headheight is too small (12.0pt): 
(fancyhdr)                Make it at least 13.59999pt, for example:
(fancyhdr)                \setlength{\headheight}{13.59999pt}.
(fancyhdr)                You might also make \topmargin smaller:
(fancyhdr)                \addtolength{\topmargin}{-1.59999pt}.

[46 <./figures/cl-dist.png>]

Package fancyhdr Warning: \headheight is too small (12.0pt): 
(fancyhdr)                Make it at least 13.59999pt, for example:
(fancyhdr)                \setlength{\headheight}{13.59999pt}.
(fancyhdr)                You might also make \topmargin smaller:
(fancyhdr)                \addtolength{\topmargin}{-1.59999pt}.

[47 <./figures/shine-example.png>]
<figures/vlms.png, id=971, 406.51875pt x 228.855pt>
File: figures/vlms.png Graphic file (type png)
<use figures/vlms.png>
Package pdftex.def Info: figures/vlms.png  used on input line 898.
(pdftex.def)             Requested size: 330.76329pt x 186.2131pt.

Overfull \hbox (30.90968pt too wide) in paragraph at lines 906--941
 [][] 
 []

<figures/vlms-cm.png, id=972, 607.51968pt x 301.125pt>
File: figures/vlms-cm.png Graphic file (type png)
<use figures/vlms-cm.png>
Package pdftex.def Info: figures/vlms-cm.png  used on input line 947.
(pdftex.def)             Requested size: 374.86775pt x 185.81335pt.

Package fancyhdr Warning: \headheight is too small (12.0pt): 
(fancyhdr)                Make it at least 13.59999pt, for example:
(fancyhdr)                \setlength{\headheight}{13.59999pt}.
(fancyhdr)                You might also make \topmargin smaller:
(fancyhdr)                \addtolength{\topmargin}{-1.59999pt}.

[48 <./figures/shine.png>]
<figures/locnet.png, id=984, 286.06876pt x 132.495pt>
File: figures/locnet.png Graphic file (type png)
<use figures/locnet.png>
Package pdftex.def Info: figures/locnet.png  used on input line 965.
(pdftex.def)             Requested size: 220.50887pt x 102.13062pt.
<figures/lprnet-backbone.png, id=985, 271.76532pt x 213.04594pt>
File: figures/lprnet-backbone.png Graphic file (type png)
<use figures/lprnet-backbone.png>
Package pdftex.def Info: figures/lprnet-backbone.png  used on input line 973.
(pdftex.def)             Requested size: 220.50887pt x 172.87183pt.
<figures/lprnet-basicblock.png, id=986, 263.48438pt x 116.68594pt>
File: figures/lprnet-basicblock.png Graphic file (type png)
<use figures/lprnet-basicblock.png>
Package pdftex.def Info: figures/lprnet-basicblock.png  used on input line 981.
(pdftex.def)             Requested size: 220.50887pt x 97.65941pt.


Package fancyhdr Warning: \headheight is too small (12.0pt): 
(fancyhdr)                Make it at least 13.59999pt, for example:
(fancyhdr)                \setlength{\headheight}{13.59999pt}.
(fancyhdr)                You might also make \topmargin smaller:
(fancyhdr)                \addtolength{\topmargin}{-1.59999pt}.

[49 <./figures/vlms.png>]

Package fancyhdr Warning: \headheight is too small (12.0pt): 
(fancyhdr)                Make it at least 13.59999pt, for example:
(fancyhdr)                \setlength{\headheight}{13.59999pt}.
(fancyhdr)                You might also make \topmargin smaller:
(fancyhdr)                \addtolength{\topmargin}{-1.59999pt}.

[50]

Package fancyhdr Warning: \headheight is too small (12.0pt): 
(fancyhdr)                Make it at least 13.59999pt, for example:
(fancyhdr)                \setlength{\headheight}{13.59999pt}.
(fancyhdr)                You might also make \topmargin smaller:
(fancyhdr)                \addtolength{\topmargin}{-1.59999pt}.

[51 <./figures/vlms-cm.png> <./figures/locnet.png>]
<figures/ocr-arc.png, id=1009, 708.39656pt x 221.32687pt>
File: figures/ocr-arc.png Graphic file (type png)
<use figures/ocr-arc.png>
Package pdftex.def Info: figures/ocr-arc.png  used on input line 1001.
(pdftex.def)             Requested size: 330.76329pt x 103.34145pt.


Package fancyhdr Warning: \headheight is too small (12.0pt): 
(fancyhdr)                Make it at least 13.59999pt, for example:
(fancyhdr)                \setlength{\headheight}{13.59999pt}.
(fancyhdr)                You might also make \topmargin smaller:
(fancyhdr)                \addtolength{\topmargin}{-1.59999pt}.

[52 <./figures/lprnet-backbone.png> <./figures/lprnet-basicblock.png>]

Package fancyhdr Warning: \headheight is too small (12.0pt): 
(fancyhdr)                Make it at least 13.59999pt, for example:
(fancyhdr)                \setlength{\headheight}{13.59999pt}.
(fancyhdr)                You might also make \topmargin smaller:
(fancyhdr)                \addtolength{\topmargin}{-1.59999pt}.

[53 <./figures/ocr-arc.png>]
<figures/lprmnist.png, id=1035, 754.31813pt x 54.2025pt>
File: figures/lprmnist.png Graphic file (type png)
<use figures/lprmnist.png>
Package pdftex.def Info: figures/lprmnist.png  used on input line 1019.
(pdftex.def)             Requested size: 330.76329pt x 23.76729pt.


Package fancyhdr Warning: \headheight is too small (12.0pt): 
(fancyhdr)                Make it at least 13.59999pt, for example:
(fancyhdr)                \setlength{\headheight}{13.59999pt}.
(fancyhdr)                You might also make \topmargin smaller:
(fancyhdr)                \addtolength{\topmargin}{-1.59999pt}.

[54 <./figures/lprmnist.png>]
<figures/lenet.jpg, id=1048, 386.78905pt x 113.75298pt>
File: figures/lenet.jpg Graphic file (type jpg)
<use figures/lenet.jpg>
Package pdftex.def Info: figures/lenet.jpg  used on input line 1038.
(pdftex.def)             Requested size: 374.86775pt x 110.24825pt.
<figures/lenet_cm.jpg, id=1050, 385.05457pt x 416.2752pt>
File: figures/lenet_cm.jpg Graphic file (type jpg)
<use figures/lenet_cm.jpg>
Package pdftex.def Info: figures/lenet_cm.jpg  used on input line 1048.
(pdftex.def)             Requested size: 374.86775pt x 405.28549pt.


Package fancyhdr Warning: \headheight is too small (12.0pt): 
(fancyhdr)                Make it at least 13.59999pt, for example:
(fancyhdr)                \setlength{\headheight}{13.59999pt}.
(fancyhdr)                You might also make \topmargin smaller:
(fancyhdr)                \addtolength{\topmargin}{-1.59999pt}.

[55 <./figures/lenet.jpg>]

Package fancyhdr Warning: \headheight is too small (12.0pt): 
(fancyhdr)                Make it at least 13.59999pt, for example:
(fancyhdr)                \setlength{\headheight}{13.59999pt}.
(fancyhdr)                You might also make \topmargin smaller:
(fancyhdr)                \addtolength{\topmargin}{-1.59999pt}.

[56 <./figures/lenet_cm.jpg>]
Cap\'{\i }tulo 3.

Package hyperref Warning: Difference (2) between bookmark levels is greater 
(hyperref)                than one, level fixed on input line 1062.

<figures/yolo_stats.png, id=1063, 1927.2pt x 842.14626pt>
File: figures/yolo_stats.png Graphic file (type png)
<use figures/yolo_stats.png>
Package pdftex.def Info: figures/yolo_stats.png  used on input line 1068.
(pdftex.def)             Requested size: 374.86775pt x 163.80023pt.
<figures/yolo26_arch.png, id=1067, 531.48563pt x 487.8225pt>
File: figures/yolo26_arch.png Graphic file (type png)
<use figures/yolo26_arch.png>
Package pdftex.def Info: figures/yolo26_arch.png  used on input line 1082.
(pdftex.def)             Requested size: 374.86775pt x 344.07866pt.
[57

 <./figures/yolo_stats.png (PNG copy)>]

Package fancyhdr Warning: \headheight is too small (12.0pt): 
(fancyhdr)                Make it at least 13.59999pt, for example:
(fancyhdr)                \setlength{\headheight}{13.59999pt}.
(fancyhdr)                You might also make \topmargin smaller:
(fancyhdr)                \addtolength{\topmargin}{-1.59999pt}.

[58 <./figures/yolo26_arch.png>]
<figures/progloss.png, id=1083, 1308.89pt x 668.4975pt>
File: figures/progloss.png Graphic file (type png)
<use figures/progloss.png>
Package pdftex.def Info: figures/progloss.png  used on input line 1101.
(pdftex.def)             Requested size: 374.86775pt x 191.452pt.


Package fancyhdr Warning: \headheight is too small (12.0pt): 
(fancyhdr)                Make it at least 13.59999pt, for example:
(fancyhdr)                \setlength{\headheight}{13.59999pt}.
(fancyhdr)                You might also make \topmargin smaller:
(fancyhdr)                \addtolength{\topmargin}{-1.59999pt}.

[59 <./figures/progloss.png>]
<figures/musgd.png, id=1096, 1063.975pt x 582.175pt>
File: figures/musgd.png Graphic file (type png)
<use figures/musgd.png>
Package pdftex.def Info: figures/musgd.png  used on input line 1132.
(pdftex.def)             Requested size: 374.86775pt x 205.11456pt.


Package fancyhdr Warning: \headheight is too small (12.0pt): 
(fancyhdr)                Make it at least 13.59999pt, for example:
(fancyhdr)                \setlength{\headheight}{13.59999pt}.
(fancyhdr)                You might also make \topmargin smaller:
(fancyhdr)                \addtolength{\topmargin}{-1.59999pt}.

[60]
Overfull \hbox (74.43048pt too wide) in paragraph at lines 1147--1162
 [][] 
 []


Package fancyhdr Warning: \headheight is too small (12.0pt): 
(fancyhdr)                Make it at least 13.59999pt, for example:
(fancyhdr)                \setlength{\headheight}{13.59999pt}.
(fancyhdr)                You might also make \topmargin smaller:
(fancyhdr)                \addtolength{\topmargin}{-1.59999pt}.

[61 <./figures/musgd.png>]

Package fancyhdr Warning: \headheight is too small (12.0pt): 
(fancyhdr)                Make it at least 13.59999pt, for example:
(fancyhdr)                \setlength{\headheight}{13.59999pt}.
(fancyhdr)                You might also make \topmargin smaller:
(fancyhdr)                \addtolength{\topmargin}{-1.59999pt}.

[62]

Package fancyhdr Warning: \headheight is too small (12.0pt): 
(fancyhdr)                Make it at least 13.59999pt, for example:
(fancyhdr)                \setlength{\headheight}{13.59999pt}.
(fancyhdr)                You might also make \topmargin smaller:
(fancyhdr)                \addtolength{\topmargin}{-1.59999pt}.

[63]
<figures/rt-detr.png, id=1155, 968.86969pt x 334.24875pt>
File: figures/rt-detr.png Graphic file (type png)
<use figures/rt-detr.png>
Package pdftex.def Info: figures/rt-detr.png  used on input line 1200.
(pdftex.def)             Requested size: 374.86775pt x 129.32623pt.


Package fancyhdr Warning: \headheight is too small (12.0pt): 
(fancyhdr)                Make it at least 13.59999pt, for example:
(fancyhdr)                \setlength{\headheight}{13.59999pt}.
(fancyhdr)                You might also make \topmargin smaller:
(fancyhdr)                \addtolength{\topmargin}{-1.59999pt}.

[64 <./figures/rt-detr.png>]
<figures/t-ocr.png, id=1166, 389.95688pt x 149.05687pt>
File: figures/t-ocr.png Graphic file (type png)
<use figures/t-ocr.png>
Package pdftex.def Info: figures/t-ocr.png  used on input line 1216.
(pdftex.def)             Requested size: 374.86775pt x 143.29538pt.


Package fancyhdr Warning: \headheight is too small (12.0pt): 
(fancyhdr)                Make it at least 13.59999pt, for example:
(fancyhdr)                \setlength{\headheight}{13.59999pt}.
(fancyhdr)                You might also make \topmargin smaller:
(fancyhdr)                \addtolength{\topmargin}{-1.59999pt}.

[65 <./figures/t-ocr.png>]

Package fancyhdr Warning: \headheight is too small (12.0pt): 
(fancyhdr)                Make it at least 13.59999pt, for example:
(fancyhdr)                \setlength{\headheight}{13.59999pt}.
(fancyhdr)                You might also make \topmargin smaller:
(fancyhdr)                \addtolength{\topmargin}{-1.59999pt}.

[66]
Cap\'{\i }tulo 4.
<figures/methodology_dl.jpg, id=1180, 193.14922pt x 124.58125pt>
File: figures/methodology_dl.jpg Graphic file (type jpg)
<use figures/methodology_dl.jpg>
Package pdftex.def Info: figures/methodology_dl.jpg  used on input line 1239.
(pdftex.def)             Requested size: 374.86775pt x 241.81847pt.
[67

 <./figures/methodology_dl.jpg>]
<figures/rsu_esc1.png, id=1187, 1444.64719pt x 668.4975pt>
File: figures/rsu_esc1.png Graphic file (type png)
<use figures/rsu_esc1.png>
Package pdftex.def Info: figures/rsu_esc1.png  used on input line 1257.
(pdftex.def)             Requested size: 374.86775pt x 173.46863pt.


Package fancyhdr Warning: \headheight is too small (12.0pt): 
(fancyhdr)                Make it at least 13.59999pt, for example:
(fancyhdr)                \setlength{\headheight}{13.59999pt}.
(fancyhdr)                You might also make \topmargin smaller:
(fancyhdr)                \addtolength{\topmargin}{-1.59999pt}.

[68 <./figures/rsu_esc1.png>]
<figures/bdd100k.png, id=1199, 3011.25pt x 903.375pt>
File: figures/bdd100k.png Graphic file (type png)
<use figures/bdd100k.png>
Package pdftex.def Info: figures/bdd100k.png  used on input line 1269.
(pdftex.def)             Requested size: 374.86775pt x 112.45293pt.
<figures/bdd_example.png, id=1200, 1284.8pt x 722.7pt>
File: figures/bdd_example.png Graphic file (type png)
<use figures/bdd_example.png>
Package pdftex.def Info: figures/bdd_example.png  used on input line 1277.
(pdftex.def)             Requested size: 374.86775pt x 210.85681pt.


Package fancyhdr Warning: \headheight is too small (12.0pt): 
(fancyhdr)                Make it at least 13.59999pt, for example:
(fancyhdr)                \setlength{\headheight}{13.59999pt}.
(fancyhdr)                You might also make \topmargin smaller:
(fancyhdr)                \addtolength{\topmargin}{-1.59999pt}.

[69 <./figures/bdd100k.png (PNG copy)> <./figures/bdd_example.png (PNG copy)>]
<figures/detrac_example.jpg, id=1208, 495.91673pt x 279.10674pt>
File: figures/detrac_example.jpg Graphic file (type jpg)
<use figures/detrac_example.jpg>
Package pdftex.def Info: figures/detrac_example.jpg  used on input line 1291.
(pdftex.def)             Requested size: 374.86775pt x 210.98193pt.


Package fancyhdr Warning: \headheight is too small (12.0pt): 
(fancyhdr)                Make it at least 13.59999pt, for example:
(fancyhdr)                \setlength{\headheight}{13.59999pt}.
(fancyhdr)                You might also make \topmargin smaller:
(fancyhdr)                \addtolength{\topmargin}{-1.59999pt}.

[70 <./figures/detrac_example.jpg>]
<figures/uc3mlp_example.png, id=1218, 2509.375pt x 469.755pt>
File: figures/uc3mlp_example.png Graphic file (type png)
<use figures/uc3mlp_example.png>
Package pdftex.def Info: figures/uc3mlp_example.png  used on input line 1303.
(pdftex.def)             Requested size: 374.86775pt x 70.1735pt.
<figures/uc3mvri_example.png, id=1222, 674.52pt x 192.72pt>
File: figures/uc3mvri_example.png Graphic file (type png)
<use figures/uc3mvri_example.png>
Package pdftex.def Info: figures/uc3mvri_example.png  used on input line 1321.
(pdftex.def)             Requested size: 374.86775pt x 107.10788pt.


Package fancyhdr Warning: \headheight is too small (12.0pt): 
(fancyhdr)                Make it at least 13.59999pt, for example:
(fancyhdr)                \setlength{\headheight}{13.59999pt}.
(fancyhdr)                You might also make \topmargin smaller:
(fancyhdr)                \addtolength{\topmargin}{-1.59999pt}.

[71 <./figures/uc3mlp_example.png (PNG copy)>]
Overfull \hbox (14.50967pt too wide) in paragraph at lines 1331--1332
\T1/cmr/m/n/12 154&383_386&473-386&473_177&454_154&383_363&402-0_0_22_27_27_33_16-37-
 []

<figures/ccpd_example.png, id=1232, 433.62pt x 698.61pt>
File: figures/ccpd_example.png Graphic file (type png)
<use figures/ccpd_example.png>
Package pdftex.def Info: figures/ccpd_example.png  used on input line 1348.
(pdftex.def)             Requested size: 374.86775pt x 603.98021pt.

Package fancyhdr Warning: \headheight is too small (12.0pt): 
(fancyhdr)                Make it at least 13.59999pt, for example:
(fancyhdr)                \setlength{\headheight}{13.59999pt}.
(fancyhdr)                You might also make \topmargin smaller:
(fancyhdr)                \addtolength{\topmargin}{-1.59999pt}.

[72 <./figures/uc3mvri_example.png>]

Package xcolor Warning: Incompatible color definition on input line 1376.


Package xcolor Warning: Incompatible color definition on input line 1376.


Package xcolor Warning: Incompatible color definition on input line 1376.


Package xcolor Warning: Incompatible color definition on input line 1376.


Package xcolor Warning: Incompatible color definition on input line 1376.


Package xcolor Warning: Incompatible color definition on input line 1376.


Package xcolor Warning: Incompatible color definition on input line 1376.


Package xcolor Warning: Incompatible color definition on input line 1380.


Package xcolor Warning: Incompatible color definition on input line 1380.


Package fancyhdr Warning: \headheight is too small (12.0pt): 
(fancyhdr)                Make it at least 13.59999pt, for example:
(fancyhdr)                \setlength{\headheight}{13.59999pt}.
(fancyhdr)                You might also make \topmargin smaller:
(fancyhdr)                \addtolength{\topmargin}{-1.59999pt}.

[73]

Package fancyhdr Warning: \headheight is too small (12.0pt): 
(fancyhdr)                Make it at least 13.59999pt, for example:
(fancyhdr)                \setlength{\headheight}{13.59999pt}.
(fancyhdr)                You might also make \topmargin smaller:
(fancyhdr)                \addtolength{\topmargin}{-1.59999pt}.

[74]

Package fancyhdr Warning: \headheight is too small (12.0pt): 
(fancyhdr)                Make it at least 13.59999pt, for example:
(fancyhdr)                \setlength{\headheight}{13.59999pt}.
(fancyhdr)                You might also make \topmargin smaller:
(fancyhdr)                \addtolength{\topmargin}{-1.59999pt}.

[75]
<figures/yaml.png, id=1267, 520.94624pt x 211.54031pt>
File: figures/yaml.png Graphic file (type png)
<use figures/yaml.png>
Package pdftex.def Info: figures/yaml.png  used on input line 1462.
(pdftex.def)             Requested size: 374.86775pt x 152.22174pt.


Package xcolor Warning: Incompatible color definition on input line 1469.


Package xcolor Warning: Incompatible color definition on input line 1469.


Package xcolor Warning: Incompatible color definition on input line 1469.


Package xcolor Warning: Incompatible color definition on input line 1469.


Package xcolor Warning: Incompatible color definition on input line 1469.


Package xcolor Warning: Incompatible color definition on input line 1469.


Package xcolor Warning: Incompatible color definition on input line 1469.


Package xcolor Warning: Incompatible color definition on input line 1487.


Package xcolor Warning: Incompatible color definition on input line 1487.


Package fancyhdr Warning: \headheight is too small (12.0pt): 
(fancyhdr)                Make it at least 13.59999pt, for example:
(fancyhdr)                \setlength{\headheight}{13.59999pt}.
(fancyhdr)                You might also make \topmargin smaller:
(fancyhdr)                \addtolength{\topmargin}{-1.59999pt}.

[76]

Package fancyhdr Warning: \headheight is too small (12.0pt): 
(fancyhdr)                Make it at least 13.59999pt, for example:
(fancyhdr)                \setlength{\headheight}{13.59999pt}.
(fancyhdr)                You might also make \topmargin smaller:
(fancyhdr)                \addtolength{\topmargin}{-1.59999pt}.

[77]

Package fancyhdr Warning: \headheight is too small (12.0pt): 
(fancyhdr)                Make it at least 13.59999pt, for example:
(fancyhdr)                \setlength{\headheight}{13.59999pt}.
(fancyhdr)                You might also make \topmargin smaller:
(fancyhdr)                \addtolength{\topmargin}{-1.59999pt}.

[78]

Package xcolor Warning: Incompatible color definition on input line 1534.


Package xcolor Warning: Incompatible color definition on input line 1534.


Package xcolor Warning: Incompatible color definition on input line 1534.


Package xcolor Warning: Incompatible color definition on input line 1534.


Package xcolor Warning: Incompatible color definition on input line 1534.


Package xcolor Warning: Incompatible color definition on input line 1534.


Package xcolor Warning: Incompatible color definition on input line 1534.


Package xcolor Warning: Incompatible color definition on input line 1557.


Package xcolor Warning: Incompatible color definition on input line 1557.


Package fancyhdr Warning: \headheight is too small (12.0pt): 
(fancyhdr)                Make it at least 13.59999pt, for example:
(fancyhdr)                \setlength{\headheight}{13.59999pt}.
(fancyhdr)                You might also make \topmargin smaller:
(fancyhdr)                \addtolength{\topmargin}{-1.59999pt}.

[79]
Overfull \hbox (3.29033pt too wide) in paragraph at lines 1565--1566
\T1/cmr/bx/n/12 train/dfl_loss, me-trics/precision(B), me-trics/recall(B), me-trics/mAP50(B),
 []

<figures/g_no_ms.png, id=1337, 722.7pt x 361.35pt>
File: figures/g_no_ms.png Graphic file (type png)
<use figures/g_no_ms.png>
Package pdftex.def Info: figures/g_no_ms.png  used on input line 1569.
(pdftex.def)             Requested size: 374.86775pt x 187.43442pt.
<figures/g_ms.png, id=1338, 722.7pt x 361.35pt>
File: figures/g_ms.png Graphic file (type png)
<use figures/g_ms.png>
Package pdftex.def Info: figures/g_ms.png  used on input line 1576.
(pdftex.def)             Requested size: 374.86775pt x 187.43442pt.

Package fancyhdr Warning: \headheight is too small (12.0pt): 
(fancyhdr)                Make it at least 13.59999pt, for example:
(fancyhdr)                \setlength{\headheight}{13.59999pt}.
(fancyhdr)                You might also make \topmargin smaller:
(fancyhdr)                \addtolength{\topmargin}{-1.59999pt}.

[80]
<figures/confmatrix.png, id=1345, 759.43726pt x 719.0865pt>
File: figures/confmatrix.png Graphic file (type png)
<use figures/confmatrix.png>
Package pdftex.def Info: figures/confmatrix.png  used on input line 1606.
(pdftex.def)             Requested size: 374.86775pt x 354.95592pt.


Package fancyhdr Warning: \headheight is too small (12.0pt): 
(fancyhdr)                Make it at least 13.59999pt, for example:
(fancyhdr)                \setlength{\headheight}{13.59999pt}.
(fancyhdr)                You might also make \topmargin smaller:
(fancyhdr)                \addtolength{\topmargin}{-1.59999pt}.

[81]

Package fancyhdr Warning: \headheight is too small (12.0pt): 
(fancyhdr)                Make it at least 13.59999pt, for example:
(fancyhdr)                \setlength{\headheight}{13.59999pt}.
(fancyhdr)                You might also make \topmargin smaller:
(fancyhdr)                \addtolength{\topmargin}{-1.59999pt}.

[82 <./figures/ccpd_example.png>]

Package fancyhdr Warning: \headheight is too small (12.0pt): 
(fancyhdr)                Make it at least 13.59999pt, for example:
(fancyhdr)                \setlength{\headheight}{13.59999pt}.
(fancyhdr)                You might also make \topmargin smaller:
(fancyhdr)                \addtolength{\topmargin}{-1.59999pt}.

[83 <./figures/yaml.png> <./figures/g_no_ms.png> <./figures/g_ms.png>]

Package fancyhdr Warning: \headheight is too small (12.0pt): 
(fancyhdr)                Make it at least 13.59999pt, for example:
(fancyhdr)                \setlength{\headheight}{13.59999pt}.
(fancyhdr)                You might also make \topmargin smaller:
(fancyhdr)                \addtolength{\topmargin}{-1.59999pt}.

[84 <./figures/confmatrix.png>]
Cap\'{\i }tulo 5.
[85

]

Package fancyhdr Warning: \headheight is too small (12.0pt): 
(fancyhdr)                Make it at least 13.59999pt, for example:
(fancyhdr)                \setlength{\headheight}{13.59999pt}.
(fancyhdr)                You might also make \topmargin smaller:
(fancyhdr)                \addtolength{\topmargin}{-1.59999pt}.

[86]

Package fancyhdr Warning: \headheight is too small (12.0pt): 
(fancyhdr)                Make it at least 13.59999pt, for example:
(fancyhdr)                \setlength{\headheight}{13.59999pt}.
(fancyhdr)                You might also make \topmargin smaller:
(fancyhdr)                \addtolength{\topmargin}{-1.59999pt}.

[87]
Cap\'{\i }tulo 6.
[88

]
Cap\'{\i }tulo 7.
[89

]

Package fancyhdr Warning: \headheight is too small (12.0pt): 
(fancyhdr)                Make it at least 13.59999pt, for example:
(fancyhdr)                \setlength{\headheight}{13.59999pt}.
(fancyhdr)                You might also make \topmargin smaller:
(fancyhdr)                \addtolength{\topmargin}{-1.59999pt}.

[90]

Package fancyhdr Warning: \headheight is too small (12.0pt): 
(fancyhdr)                Make it at least 13.59999pt, for example:
(fancyhdr)                \setlength{\headheight}{13.59999pt}.
(fancyhdr)                You might also make \topmargin smaller:
(fancyhdr)                \addtolength{\topmargin}{-1.59999pt}.

[91]
Cap\'{\i }tulo 8.
[92

]
<figures/git.png, id=1434, 1391.95032pt x 654.94687pt>
File: figures/git.png Graphic file (type png)
<use figures/git.png>
Package pdftex.def Info: figures/git.png  used on input line 1775.
(pdftex.def)             Requested size: 374.86775pt x 176.37831pt.


Package fancyhdr Warning: \headheight is too small (12.0pt): 
(fancyhdr)                Make it at least 13.59999pt, for example:
(fancyhdr)                \setlength{\headheight}{13.59999pt}.
(fancyhdr)                You might also make \topmargin smaller:
(fancyhdr)                \addtolength{\topmargin}{-1.59999pt}.

[93 <./figures/git.png>]

Package fancyhdr Warning: \headheight is too small (12.0pt): 
(fancyhdr)                Make it at least 13.59999pt, for example:
(fancyhdr)                \setlength{\headheight}{13.59999pt}.
(fancyhdr)                You might also make \topmargin smaller:
(fancyhdr)                \addtolength{\topmargin}{-1.59999pt}.

[94]

Package fancyhdr Warning: \headheight is too small (12.0pt): 
(fancyhdr)                Make it at least 13.59999pt, for example:
(fancyhdr)                \setlength{\headheight}{13.59999pt}.
(fancyhdr)                You might also make \topmargin smaller:
(fancyhdr)                \addtolength{\topmargin}{-1.59999pt}.

[95]

LaTeX Warning: Reference `Entorno y herramientas' on page 96 undefined on input line 1895.


Package fancyhdr Warning: \headheight is too small (12.0pt): 
(fancyhdr)                Make it at least 13.59999pt, for example:
(fancyhdr)                \setlength{\headheight}{13.59999pt}.
(fancyhdr)                You might also make \topmargin smaller:
(fancyhdr)                \addtolength{\topmargin}{-1.59999pt}.

[96]
Overfull \hbox (25.99599pt too wide) in paragraph at lines 1959--1973
 [][] 
 []


Package fancyhdr Warning: \headheight is too small (12.0pt): 
(fancyhdr)                Make it at least 13.59999pt, for example:
(fancyhdr)                \setlength{\headheight}{13.59999pt}.
(fancyhdr)                You might also make \topmargin smaller:
(fancyhdr)                \addtolength{\topmargin}{-1.59999pt}.

[97]

Package fancyhdr Warning: \headheight is too small (12.0pt): 
(fancyhdr)                Make it at least 13.59999pt, for example:
(fancyhdr)                \setlength{\headheight}{13.59999pt}.
(fancyhdr)                You might also make \topmargin smaller:
(fancyhdr)                \addtolength{\topmargin}{-1.59999pt}.

[98]

Package fancyhdr Warning: \headheight is too small (12.0pt): 
(fancyhdr)                Make it at least 13.59999pt, for example:
(fancyhdr)                \setlength{\headheight}{13.59999pt}.
(fancyhdr)                You might also make \topmargin smaller:
(fancyhdr)                \addtolength{\topmargin}{-1.59999pt}.

[99]

Package fancyhdr Warning: \headheight is too small (12.0pt): 
(fancyhdr)                Make it at least 13.59999pt, for example:
(fancyhdr)                \setlength{\headheight}{13.59999pt}.
(fancyhdr)                You might also make \topmargin smaller:
(fancyhdr)                \addtolength{\topmargin}{-1.59999pt}.

[100]

Package fancyhdr Warning: \headheight is too small (12.0pt): 
(fancyhdr)                Make it at least 13.59999pt, for example:
(fancyhdr)                \setlength{\headheight}{13.59999pt}.
(fancyhdr)                You might also make \topmargin smaller:
(fancyhdr)                \addtolength{\topmargin}{-1.59999pt}.

[101]
Cap\'{\i }tulo 9.
(main.bbl [102

]

Package fancyhdr Warning: \headheight is too small (12.0pt): 
(fancyhdr)                Make it at least 13.59999pt, for example:
(fancyhdr)                \setlength{\headheight}{13.59999pt}.
(fancyhdr)                You might also make \topmargin smaller:
(fancyhdr)                \addtolength{\topmargin}{-1.59999pt}.

[103] [104

]

Package fancyhdr Warning: \headheight is too small (12.0pt): 
(fancyhdr)                Make it at least 13.59999pt, for example:
(fancyhdr)                \setlength{\headheight}{13.59999pt}.
(fancyhdr)                You might also make \topmargin smaller:
(fancyhdr)                \addtolength{\topmargin}{-1.59999pt}.

[105]
Underfull \hbox (badness 1248) in paragraph at lines 95--99
\T1/cmr/m/n/12 fic in-ter-sec-tion. In: 2022 4th In-ter-na-tio-nal Con-fe-ren-ce on In-te-lli-gent Con-
 []


Underfull \hbox (badness 2744) in paragraph at lines 95--99
\T1/cmr/m/n/12 trol, Mea-su-re-ment and Sig-nal Pro-ces-sing (ICMSP). pp. 851--854 (2022).
 []


Underfull \hbox (badness 1596) in paragraph at lines 118--122
[]\T1/cmr/m/n/12 Kharina, N., Chern-yad-yev, S.: Soft-wa-re for car li-cen-se pla-tes re-cog-ni-tion
 []


Underfull \hbox (badness 1902) in paragraph at lines 140--144
[]\T1/cmr/m/n/12 Li, H., Wang, P., You, M., Shen, C.: Reading car li-cen-se pla-tes using
 []


Underfull \hbox (badness 3128) in paragraph at lines 140--144
\T1/cmr/m/n/12 deep neu-ral net-works. Ima-ge and Vi-sion Com-pu-ting \T1/cmr/bx/n/12 72\T1/cmr/m/n/12 , 14--23 (2018).
 []


Package fancyhdr Warning: \headheight is too small (12.0pt): 
(fancyhdr)                Make it at least 13.59999pt, for example:
(fancyhdr)                \setlength{\headheight}{13.59999pt}.
(fancyhdr)                You might also make \topmargin smaller:
(fancyhdr)                \addtolength{\topmargin}{-1.59999pt}.

[106]
Underfull \hbox (badness 4193) in paragraph at lines 152--157
[]\T1/cmr/m/n/12 Liu, H., Ma, R.: Full-view di-gi-tal pa-ve-ment re-cons-truc-tion for prac-ti-
 []


Underfull \hbox (badness 2213) in paragraph at lines 152--157
\T1/cmr/m/n/12 cal traf-fic sce-na-rios th-rough altitude-robust vehi-cle de-tec-tion and traffic-
 []


Underfull \hbox (badness 3557) in paragraph at lines 152--157
\T1/cmr/m/n/12 adaptive op-ti-mi-za-tion. Au-to-ma-tion in Cons-truc-tion \T1/cmr/bx/n/12 186\T1/cmr/m/n/12 , 106893 (2026).
 []


Package fancyhdr Warning: \headheight is too small (12.0pt): 
(fancyhdr)                Make it at least 13.59999pt, for example:
(fancyhdr)                \setlength{\headheight}{13.59999pt}.
(fancyhdr)                You might also make \topmargin smaller:
(fancyhdr)                \addtolength{\topmargin}{-1.59999pt}.

[107]
Underfull \hbox (badness 2837) in paragraph at lines 195--200
[]\T1/cmr/m/n/12 Nardes, G.B., Rausch, T.H., Pe-rei-ra, B.H., Me-lo, D.R., Ze-fe-rino, C.A.:
 []


Underfull \hbox (badness 5260) in paragraph at lines 195--200
\T1/cmr/m/n/12 A resource-constrained cnn ac-ce-le-ra-tor for real-time li-cen-se pla-te cha-
 []


Underfull \hbox (badness 5924) in paragraph at lines 195--200
\T1/cmr/m/n/12 rac-ter re-cog-ni-tion on fp-ga plat-forms. In-te-gra-tion \T1/cmr/bx/n/12 108\T1/cmr/m/n/12 , 102654 (2026).
 []


Underfull \hbox (badness 2318) in paragraph at lines 214--219
[]\T1/cmr/m/n/12 Álvaro Ramajo-Ballester, Ar-min-gol Mo-reno, J.M., de la Es-ca-le-ra Hue-so,
 []


Underfull \hbox (badness 1571) in paragraph at lines 214--219
\T1/cmr/m/n/12 A.: Dual li-cen-se pla-te re-cog-ni-tion and vi-sual fea-tu-res en-co-ding for vehi-
 []


Underfull \hbox (badness 1275) in paragraph at lines 214--219
\T1/cmr/m/n/12 cle iden-ti-fi-ca-tion. Ro-bo-tics and Au-to-no-mous Sys-tems \T1/cmr/bx/n/12 172\T1/cmr/m/n/12 , 104608 (2024).
 []


Underfull \hbox (badness 2435) in paragraph at lines 226--231
[]\T1/cmr/m/n/12 Rathod, V.V., Chouhan, R., Ra-na, D.P., Meh-ta, R.G., Dha-ma-ni-ya, A.:
 []


Underfull \hbox (badness 1596) in paragraph at lines 226--231
\T1/cmr/m/n/12 Uav-based vehi-cle de-tec-tion and clas-si-fi-ca-tion un-der var-ying ligh-ting con-
 []


Underfull \hbox (badness 4608) in paragraph at lines 226--231
\T1/cmr/m/n/12 di-tions for in-dian traf-fic. In: 2025 In-ter-na-tio-nal Con-fe-ren-ce on Emer-
 []


Package fancyhdr Warning: \headheight is too small (12.0pt): 
(fancyhdr)                Make it at least 13.59999pt, for example:
(fancyhdr)                \setlength{\headheight}{13.59999pt}.
(fancyhdr)                You might also make \topmargin smaller:
(fancyhdr)                \addtolength{\topmargin}{-1.59999pt}.

[108]
Underfull \hbox (badness 1466) in paragraph at lines 270--275
[]\T1/cmr/m/n/12 Shirulkar, S., Ma-ko-de, R., Khan-del-wal, R.: Adap-ti-ve traf-fic sig-nal ma-na-
 []


Underfull \hbox (badness 1009) in paragraph at lines 270--275
\T1/cmr/m/n/12 ge-ment using real-time vehi-cle de-tec-tion and trac-king. In: 2025 IEEE In-
 []


Underfull \hbox (badness 1609) in paragraph at lines 270--275
\T1/cmr/m/n/12 ter-na-tio-nal Con-fe-ren-ce on In-ter-dis-ci-pli-nary Ap-proa-ches in Tech-no-logy and
 []


Underfull \hbox (badness 5036) in paragraph at lines 270--275
\T1/cmr/m/n/12 Ma-na-ge-ment for So-cial In-no-va-tion (IATM-SI). vol. 3, pp. 1--6 (2025).
 []


Package fancyhdr Warning: \headheight is too small (12.0pt): 
(fancyhdr)                Make it at least 13.59999pt, for example:
(fancyhdr)                \setlength{\headheight}{13.59999pt}.
(fancyhdr)                You might also make \topmargin smaller:
(fancyhdr)                \addtolength{\topmargin}{-1.59999pt}.

[109]

Package fancyhdr Warning: \headheight is too small (12.0pt): 
(fancyhdr)                Make it at least 13.59999pt, for example:
(fancyhdr)                \setlength{\headheight}{13.59999pt}.
(fancyhdr)                You might also make \topmargin smaller:
(fancyhdr)                \addtolength{\topmargin}{-1.59999pt}.

[110])

Package fancyhdr Warning: \headheight is too small (12.0pt): 
(fancyhdr)                Make it at least 13.59999pt, for example:
(fancyhdr)                \setlength{\headheight}{13.59999pt}.
(fancyhdr)                You might also make \topmargin smaller:
(fancyhdr)                \addtolength{\topmargin}{-1.59999pt}.

[111] 
enddocument/afterlastpage (AED): lastpage setting LastPage.
(main.aux
LaTeX Info: Redefining \. on input line 12.
LaTeX Info: Redefining \% on input line 12.
)
 ***********
LaTeX2e <2026-06-01>
L3 programming layer <2026-05-26>
 ***********


LaTeX Warning: There were undefined references.

Package rerunfilecheck Info: File `main.out' has not changed.
(rerunfilecheck)             Checksum: 066F9EDB529A39295391EA16FD4F8804;8600.
 ) 
Here is how much of TeX's memory you used:
 19795 strings out of 467509
 320832 string characters out of 5408780
 1003370 words of memory out of 5000000
 48313 multiletter control sequences out of 15000+600000
 649669 words of font info for 90 fonts, out of 8000000 for 9000
 1142 hyphenation exceptions out of 8191
 74i,13n,117p,1959b,1269s stack positions out of 10000i,1000n,20000p,200000b,200000s
 <C:\Users\troll\AppData\Local\MiKTeX\fonts/pk/ljfour/jknappen/ec/dpi600\ectt1200.pk> <C:\Users\troll\AppData\Local\MiKTeX\fonts/pk/ljfour/jknappen/ec/dpi600\tcbx0800.pk> <C:\Users\troll\AppData\Local\MiKTeX\fonts/pk/ljfour/jknappen/ec/dpi600\ecbx0800.pk> <C:\Users\troll\AppData\Local\MiKTeX\fonts/pk/ljfour/jknappen/ec/dpi600\tcrm0800.pk> <C:\Users\troll\AppData\Local\MiKTeX\fonts/pk/ljfour/jknappen/ec/dpi600\tcbx1200.pk> <C:\Users\troll\AppData\Local\MiKTeX\fonts/pk/ljfour/jknappen/ec/dpi600\tcrm1200.pk> <C:\Users\troll\AppData\Local\MiKTeX\fonts/pk/ljfour/jknappen/ec/dpi600\ecbx1440.pk> <C:\Users\troll\AppData\Local\MiKTeX\fonts/pk/ljfour/jknappen/ec/dpi600\ecrm1095.pk> <C:\Users\troll\AppData\Local\MiKTeX\fonts/pk/ljfour/jknappen/ec/dpi600\ecbx1095.pk> <C:\Users\troll\AppData\Local\MiKTeX\fonts/pk/ljfour/jknappen/ec/dpi600\ecti1095.pk> <C:\Users\troll\AppData\Local\MiKTeX\fonts/pk/ljfour/jknappen/ec/dpi600\ectt1000.pk> <C:\Users\troll\AppData\Local\MiKTeX\fonts/pk/ljfour/jknappen/ec/dpi600\ecrm0700.pk> <C:\Users\troll\AppData\Local\MiKTeX\fonts/pk/ljfour/jknappen/ec/dpi600\ecrm0800.pk> <C:\Users\troll\AppData\Local\MiKTeX\fonts/pk/ljfour/jknappen/ec/dpi600\ecti1200.pk> <C:\Users\troll\AppData\Local\MiKTeX\fonts/pk/ljfour/jknappen/ec/dpi600\ecti1000.pk> <C:\Users\troll\AppData\Local\MiKTeX\fonts/pk/ljfour/jknappen/ec/dpi600\ecrm1000.pk> <C:\Users\troll\AppData\Local\MiKTeX\fonts/pk/ljfour/jknappen/ec/dpi600\ecbx2488.pk> <C:\Users\troll\AppData\Local\MiKTeX\fonts/pk/ljfour/jknappen/ec/dpi600\ecrm1200.pk> <C:\Users\troll\AppData\Local\MiKTeX\fonts/pk/ljfour/jknappen/ec/dpi600\ecrm2488.pk> <C:\Users\troll\AppData\Local\MiKTeX\fonts/pk/ljfour/jknappen/ec/dpi600\ecbx1200.pk> <C:\Users\troll\AppData\Local\MiKTeX\fonts/pk/ljfour/jknappen/ec/dpi600\ecrm1728.pk> <C:\Users\troll\AppData\Local\MiKTeX\fonts/pk/ljfour/jknappen/ec/dpi600\ecbx1728.pk><C:/Users/troll/AppData/Local/Programs/MiKTeX/fonts/type1/public/amsfonts/cm/cmmi12.pfb><C:/Users/troll/AppData/Local/Programs/MiKTeX/fonts/type1/public/amsfonts/cm/cmmi6.pfb><C:/Users/troll/AppData/Local/Programs/MiKTeX/fonts/type1/public/amsfonts/cm/cmmi8.pfb><C:/Users/troll/AppData/Local/Programs/MiKTeX/fonts/type1/public/amsfonts/cm/cmr12.pfb><C:/Users/troll/AppData/Local/Programs/MiKTeX/fonts/type1/public/amsfonts/cm/cmr8.pfb><C:/Users/troll/AppData/Local/Programs/MiKTeX/fonts/type1/public/amsfonts/cm/cmsy10.pfb><C:/Users/troll/AppData/Local/Programs/MiKTeX/fonts/type1/public/amsfonts/cm/cmsy8.pfb>
Output written on main.pdf (113 pages, 24628164 bytes).
PDF statistics:
 2695 PDF objects out of 2984 (max. 8388607)
 400 named destinations out of 1000 (max. 500000)
 739 words of extra memory for PDF output out of 10000 (max. 10000000)

