\BOOKMARK [1][-]{section.1}{\376\377\000I\000n\000t\000r\000o\000d\000u\000c\000c\000i\000\363\000n}{}% 1
\BOOKMARK [1][-]{section.2}{\376\377\000E\000s\000t\000a\000d\000o\000\040\000d\000e\000l\000\040\000a\000r\000t\000e}{}% 2
\BOOKMARK [2][-]{subsection.2.1}{\376\377\000D\000e\000t\000e\000c\000c\000i\000\363\000n\000\040\000d\000e\000\040\000v\000e\000h\000\355\000c\000u\000l\000o\000s}{section.2}% 3
\BOOKMARK [2][-]{subsection.2.2}{\376\377\000D\000e\000t\000e\000c\000c\000i\000\363\000n\000\040\000y\000\040\000l\000e\000c\000t\000u\000r\000a\000\040\000d\000e\000\040\000m\000a\000t\000r\000\355\000c\000u\000l\000a\000s}{section.2}% 4
\BOOKMARK [1][-]{section.3}{\376\377\000M\000\351\000t\000o\000d\000o\000s\000\040\000s\000e\000l\000e\000c\000c\000i\000o\000n\000a\000d\000o\000s}{}% 5
\BOOKMARK [2][-]{subsection.3.1}{\376\377\000Y\000O\000L\000O\000v\0002\0006\000n}{section.3}% 6
\BOOKMARK [3][-]{subsubsection.3.1.1}{\376\377\000A\000r\000q\000u\000i\000t\000e\000c\000t\000u\000r\000a\000\040\000d\000e\000\040\000Y\000O\000L\000O\0002\0006}{subsection.3.1}% 7
\BOOKMARK [3][-]{subsubsection.3.1.2}{\376\377\000M\000o\000d\000e\000l\000o\000s}{subsection.3.1}% 8
\BOOKMARK [2][-]{subsection.3.2}{\376\377\000D\000I\000N\000O\000-\000D\000E\000T\000R}{section.3}% 9
\BOOKMARK [2][-]{subsection.3.3}{\376\377\000T\000e\000s\000s\000e\000r\000a\000c\000t\000\040\000O\000C\000R}{section.3}% 10
\BOOKMARK [1][-]{section.4}{\376\377\000D\000a\000t\000a\000s\000e\000t\000s}{}% 11
\BOOKMARK [2][-]{subsection.4.1}{\376\377\000M\000u\000l\000t\000i\000-\000p\000e\000r\000s\000p\000e\000c\000t\000i\000v\000e\000\040\000t\000r\000a\000f\000f\000i\000c\000\040\000v\000i\000d\000e\000o\000\040\000a\000n\000a\000l\000y\000s\000i\000s}{section.4}% 12
\BOOKMARK [2][-]{subsection.4.2}{\376\377\000B\000d\000d\0001\0000\0000\000k}{section.4}% 13
\BOOKMARK [2][-]{subsection.4.3}{\376\377\000U\000C\0003\000M\000-\000L\000P}{section.4}% 14
\BOOKMARK [2][-]{subsection.4.4}{\376\377\000U\000C\0003\000M\000-\000V\000R\000I}{section.4}% 15
\BOOKMARK [1][-]{section.5}{\376\377\000M\000\351\000t\000r\000i\000c\000a\000s}{}% 16
\BOOKMARK [1][-]{section.6}{\376\377\000M\000e\000t\000o\000d\000o\000l\000o\000g\000\355\000a\000\040\000e\000x\000p\000e\000r\000i\000m\000e\000n\000t\000a\000l}{}% 17
\BOOKMARK [2][-]{subsection.6.1}{\376\377\000P\000r\000e\000p\000r\000o\000c\000e\000s\000a\000d\000o\000\040\000d\000e\000\040\000d\000a\000t\000o\000s}{section.6}% 18
\BOOKMARK [2][-]{subsection.6.2}{\376\377\000E\000n\000t\000r\000e\000n\000a\000m\000i\000e\000n\000t\000o}{section.6}% 19
\BOOKMARK [3][-]{subsubsection.6.2.1}{\376\377\000Y\000O\000L\000O}{subsection.6.2}% 20
\BOOKMARK [2][-]{subsection.6.3}{\376\377\000D\000I\000N\000O\000-\000D\000E\000T\000R}{section.6}% 21
\BOOKMARK [2][-]{subsection.6.4}{\376\377\000R\000a\000s\000t\000r\000e\000o\000\040\000d\000e\000l\000\040\000O\000v\000e\000r\000f\000i\000t\000t\000i\000n\000g}{section.6}% 22
\BOOKMARK [1][-]{section.7}{\376\377\000I\000m\000p\000l\000e\000m\000e\000n\000t\000a\000c\000i\000o\000n\000e\000s\000\040\000e\000n\000\040\000P\000y\000t\000h\000o\000n}{}% 23
\BOOKMARK [1][-]{section.8}{\376\377\000C\000R\000E\000D\000I\000T\000S}{}% 24
